curl: (22) The requested URL returned error: 403
curl: (22) The requested URL returned error: 403
curl: (22) The requested URL returned error: 403
curl: (22) The requested URL returned error: 403
curl: (22) The requested URL returned error: 403
curl: (22) The requested URL returned error: 403
curl: (22) The requested URL returned error: 403
curl: (22) The requested URL returned error: 403
curl: (22) The requested URL returned error: 403
curl: (22) The requested URL returned error: 403
curl: (22) The requested URL returned error: 403
curl: (22) The requested URL returned error: 403
curl: (22) The requested URL returned error: 403
curl: (22) The requested URL returned error: 403
curl: (22) The requested URL returned error: 403
curl: (22) The requested URL returned error: 403
curl: (22) The requested URL returned error: 403
curl: (22) The requested URL returned error: 403
curl: (22) The requested URL returned error: 403
curl: (22) The requested URL returned error: 403
ERROR: [generic] Motionflash Back 2025 - Cheng Ping Li: Unable to download webpage: HTTP Error 404: Not Found (caused by <HTTPError 404: Not Found>)
curl: (22) The requested URL returned error: 403
curl: (22) The requested URL returned error: 403
curl: (22) The requested URL returned error: 403
curl: (22) The requested URL returned error: 403
curl: (22) The requested URL returned error: 403
curl: (22) The requested URL returned error: 403
curl: (22) The requested URL returned error: 403
curl: (22) The requested URL returned error: 403
curl: (22) The requested URL returned error: 403
curl: (22) The requested URL returned error: 403
curl: (22) The requested URL returned error: 403
curl: (22) The requested URL returned error: 403
curl: (22) The requested URL returned error: 403
curl: (22) The requested URL returned error: 403
curl: (22) The requested URL returned error: 403
curl: (22) The requested URL returned error: 403
curl: (22) The requested URL returned error: 403
curl: (22) The requested URL returned error: 403
ERROR: [youtube] 0KtoKUc_VZM: Sign in to confirm you’re not a bot. Use --cookies-from-browser or --cookies for the authentication. See  https://github.com/yt-dlp/yt-dlp/wiki/FAQ#how-do-i-pass-cookies-to-yt-dlp  for how to manually pass cookies. Also see  https://github.com/yt-dlp/yt-dlp/wiki/Extractors#exporting-youtube-cookies  for tips on effectively exporting YouTube cookies
browser grab: player requested no stream
ERROR: [youtube] 0YmHnkTVkFA: Sign in to confirm you’re not a bot. Use --cookies-from-browser or --cookies for the authentication. See  https://github.com/yt-dlp/yt-dlp/wiki/FAQ#how-do-i-pass-cookies-to-yt-dlp  for how to manually pass cookies. Also see  https://github.com/yt-dlp/yt-dlp/wiki/Extractors#exporting-youtube-cookies  for tips on effectively exporting YouTube cookies
browser grab: player requested no stream
ERROR: [youtube] 0pcPy8riGnI: Sign in to confirm you’re not a bot. Use --cookies-from-browser or --cookies for the authentication. See  https://github.com/yt-dlp/yt-dlp/wiki/FAQ#how-do-i-pass-cookies-to-yt-dlp  for how to manually pass cookies. Also see  https://github.com/yt-dlp/yt-dlp/wiki/Extractors#exporting-youtube-cookies  for tips on effectively exporting YouTube cookies
browser grab: player requested no stream
ERROR: [youtube] 1-izXBhkiHw: Sign in to confirm you’re not a bot. Use --cookies-from-browser or --cookies for the authentication. See  https://github.com/yt-dlp/yt-dlp/wiki/FAQ#how-do-i-pass-cookies-to-yt-dlp  for how to manually pass cookies. Also see  https://github.com/yt-dlp/yt-dlp/wiki/Extractors#exporting-youtube-cookies  for tips on effectively exporting YouTube cookies
browser grab: player requested no stream
ERROR: [youtube] 2r0VtlaU6T0: Sign in to confirm you’re not a bot. Use --cookies-from-browser or --cookies for the authentication. See  https://github.com/yt-dlp/yt-dlp/wiki/FAQ#how-do-i-pass-cookies-to-yt-dlp  for how to manually pass cookies. Also see  https://github.com/yt-dlp/yt-dlp/wiki/Extractors#exporting-youtube-cookies  for tips on effectively exporting YouTube cookies
browser grab: player requested no stream
ERROR: [youtube] 6W-60Hz_l0U: Sign in to confirm you’re not a bot. Use --cookies-from-browser or --cookies for the authentication. See  https://github.com/yt-dlp/yt-dlp/wiki/FAQ#how-do-i-pass-cookies-to-yt-dlp  for how to manually pass cookies. Also see  https://github.com/yt-dlp/yt-dlp/wiki/Extractors#exporting-youtube-cookies  for tips on effectively exporting YouTube cookies
browser grab: player requested no stream
ERROR: [youtube] 6mrpjlZxQ-g: Sign in to confirm you’re not a bot. Use --cookies-from-browser or --cookies for the authentication. See  https://github.com/yt-dlp/yt-dlp/wiki/FAQ#how-do-i-pass-cookies-to-yt-dlp  for how to manually pass cookies. Also see  https://github.com/yt-dlp/yt-dlp/wiki/Extractors#exporting-youtube-cookies  for tips on effectively exporting YouTube cookies
browser grab: player requested no stream
ERROR: [youtube] 7vuy0slk_WY: Sign in to confirm you’re not a bot. Use --cookies-from-browser or --cookies for the authentication. See  https://github.com/yt-dlp/yt-dlp/wiki/FAQ#how-do-i-pass-cookies-to-yt-dlp  for how to manually pass cookies. Also see  https://github.com/yt-dlp/yt-dlp/wiki/Extractors#exporting-youtube-cookies  for tips on effectively exporting YouTube cookies
browser grab: player requested no stream
ERROR: [youtube] AWXAd2GhHrg: Sign in to confirm you’re not a bot. Use --cookies-from-browser or --cookies for the authentication. See  https://github.com/yt-dlp/yt-dlp/wiki/FAQ#how-do-i-pass-cookies-to-yt-dlp  for how to manually pass cookies. Also see  https://github.com/yt-dlp/yt-dlp/wiki/Extractors#exporting-youtube-cookies  for tips on effectively exporting YouTube cookies
browser grab: player requested no stream
ERROR: [youtube] B6zVzWU95Sw: Sign in to confirm you’re not a bot. Use --cookies-from-browser or --cookies for the authentication. See  https://github.com/yt-dlp/yt-dlp/wiki/FAQ#how-do-i-pass-cookies-to-yt-dlp  for how to manually pass cookies. Also see  https://github.com/yt-dlp/yt-dlp/wiki/Extractors#exporting-youtube-cookies  for tips on effectively exporting YouTube cookies
browser grab: player requested no stream
ERROR: [youtube] EDATYbzYGiE: Sign in to confirm you’re not a bot. Use --cookies-from-browser or --cookies for the authentication. See  https://github.com/yt-dlp/yt-dlp/wiki/FAQ#how-do-i-pass-cookies-to-yt-dlp  for how to manually pass cookies. Also see  https://github.com/yt-dlp/yt-dlp/wiki/Extractors#exporting-youtube-cookies  for tips on effectively exporting YouTube cookies
browser grab: player requested no stream
ERROR: [youtube] HQ5FygOeEnQ: Sign in to confirm you’re not a bot. Use --cookies-from-browser or --cookies for the authentication. See  https://github.com/yt-dlp/yt-dlp/wiki/FAQ#how-do-i-pass-cookies-to-yt-dlp  for how to manually pass cookies. Also see  https://github.com/yt-dlp/yt-dlp/wiki/Extractors#exporting-youtube-cookies  for tips on effectively exporting YouTube cookies
browser grab: player requested no stream
ERROR: [youtube] I6pVSStmALo: Sign in to confirm you’re not a bot. Use --cookies-from-browser or --cookies for the authentication. See  https://github.com/yt-dlp/yt-dlp/wiki/FAQ#how-do-i-pass-cookies-to-yt-dlp  for how to manually pass cookies. Also see  https://github.com/yt-dlp/yt-dlp/wiki/Extractors#exporting-youtube-cookies  for tips on effectively exporting YouTube cookies
browser grab: player requested no stream
ERROR: [youtube] JPvLbNDABnA: Sign in to confirm you’re not a bot. Use --cookies-from-browser or --cookies for the authentication. See  https://github.com/yt-dlp/yt-dlp/wiki/FAQ#how-do-i-pass-cookies-to-yt-dlp  for how to manually pass cookies. Also see  https://github.com/yt-dlp/yt-dlp/wiki/Extractors#exporting-youtube-cookies  for tips on effectively exporting YouTube cookies
browser grab: player requested no stream
ERROR: [youtube] K-48RXyuRaY: Sign in to confirm you’re not a bot. Use --cookies-from-browser or --cookies for the authentication. See  https://github.com/yt-dlp/yt-dlp/wiki/FAQ#how-do-i-pass-cookies-to-yt-dlp  for how to manually pass cookies. Also see  https://github.com/yt-dlp/yt-dlp/wiki/Extractors#exporting-youtube-cookies  for tips on effectively exporting YouTube cookies
browser grab: player requested no stream
ERROR: [youtube] NHodnYFUT_I: Sign in to confirm you’re not a bot. Use --cookies-from-browser or --cookies for the authentication. See  https://github.com/yt-dlp/yt-dlp/wiki/FAQ#how-do-i-pass-cookies-to-yt-dlp  for how to manually pass cookies. Also see  https://github.com/yt-dlp/yt-dlp/wiki/Extractors#exporting-youtube-cookies  for tips on effectively exporting YouTube cookies
browser grab: player requested no stream
ERROR: [youtube] P-OZwbegYss: Sign in to confirm you’re not a bot. Use --cookies-from-browser or --cookies for the authentication. See  https://github.com/yt-dlp/yt-dlp/wiki/FAQ#how-do-i-pass-cookies-to-yt-dlp  for how to manually pass cookies. Also see  https://github.com/yt-dlp/yt-dlp/wiki/Extractors#exporting-youtube-cookies  for tips on effectively exporting YouTube cookies
browser grab: player requested no stream
ERROR: [youtube] P3ZTxke4AOU: Sign in to confirm you’re not a bot. Use --cookies-from-browser or --cookies for the authentication. See  https://github.com/yt-dlp/yt-dlp/wiki/FAQ#how-do-i-pass-cookies-to-yt-dlp  for how to manually pass cookies. Also see  https://github.com/yt-dlp/yt-dlp/wiki/Extractors#exporting-youtube-cookies  for tips on effectively exporting YouTube cookies
browser grab: player requested no stream
ERROR: [youtube] UcZfSIegPNw: Sign in to confirm you’re not a bot. Use --cookies-from-browser or --cookies for the authentication. See  https://github.com/yt-dlp/yt-dlp/wiki/FAQ#how-do-i-pass-cookies-to-yt-dlp  for how to manually pass cookies. Also see  https://github.com/yt-dlp/yt-dlp/wiki/Extractors#exporting-youtube-cookies  for tips on effectively exporting YouTube cookies
browser grab: player requested no stream
ERROR: [youtube] ZNL2zi0U37A: Sign in to confirm you’re not a bot. Use --cookies-from-browser or --cookies for the authentication. See  https://github.com/yt-dlp/yt-dlp/wiki/FAQ#how-do-i-pass-cookies-to-yt-dlp  for how to manually pass cookies. Also see  https://github.com/yt-dlp/yt-dlp/wiki/Extractors#exporting-youtube-cookies  for tips on effectively exporting YouTube cookies
browser grab: player requested no stream
ERROR: [youtube] ZOJ1lX8ykhg: Sign in to confirm you’re not a bot. Use --cookies-from-browser or --cookies for the authentication. See  https://github.com/yt-dlp/yt-dlp/wiki/FAQ#how-do-i-pass-cookies-to-yt-dlp  for how to manually pass cookies. Also see  https://github.com/yt-dlp/yt-dlp/wiki/Extractors#exporting-youtube-cookies  for tips on effectively exporting YouTube cookies
browser grab: player requested no stream
ERROR: [youtube] ZZSROGCVg9M: Sign in to confirm you’re not a bot. Use --cookies-from-browser or --cookies for the authentication. See  https://github.com/yt-dlp/yt-dlp/wiki/FAQ#how-do-i-pass-cookies-to-yt-dlp  for how to manually pass cookies. Also see  https://github.com/yt-dlp/yt-dlp/wiki/Extractors#exporting-youtube-cookies  for tips on effectively exporting YouTube cookies
browser grab: player requested no stream
ERROR: [youtube] ZksgjJs3Kts: Sign in to confirm you’re not a bot. Use --cookies-from-browser or --cookies for the authentication. See  https://github.com/yt-dlp/yt-dlp/wiki/FAQ#how-do-i-pass-cookies-to-yt-dlp  for how to manually pass cookies. Also see  https://github.com/yt-dlp/yt-dlp/wiki/Extractors#exporting-youtube-cookies  for tips on effectively exporting YouTube cookies
browser grab: player requested no stream
ERROR: [youtube] _e3AhpAHB1w: Sign in to confirm you’re not a bot. Use --cookies-from-browser or --cookies for the authentication. See  https://github.com/yt-dlp/yt-dlp/wiki/FAQ#how-do-i-pass-cookies-to-yt-dlp  for how to manually pass cookies. Also see  https://github.com/yt-dlp/yt-dlp/wiki/Extractors#exporting-youtube-cookies  for tips on effectively exporting YouTube cookies
browser grab: player requested no stream
ERROR: [youtube] c1DD_skR7gU: Sign in to confirm you’re not a bot. Use --cookies-from-browser or --cookies for the authentication. See  https://github.com/yt-dlp/yt-dlp/wiki/FAQ#how-do-i-pass-cookies-to-yt-dlp  for how to manually pass cookies. Also see  https://github.com/yt-dlp/yt-dlp/wiki/Extractors#exporting-youtube-cookies  for tips on effectively exporting YouTube cookies
browser grab: player requested no stream
ERROR: [youtube] cnjSVom_vEE: Sign in to confirm you’re not a bot. Use --cookies-from-browser or --cookies for the authentication. See  https://github.com/yt-dlp/yt-dlp/wiki/FAQ#how-do-i-pass-cookies-to-yt-dlp  for how to manually pass cookies. Also see  https://github.com/yt-dlp/yt-dlp/wiki/Extractors#exporting-youtube-cookies  for tips on effectively exporting YouTube cookies
browser grab: player requested no stream
ERROR: [youtube] dp-c10JwrNo: Sign in to confirm you’re not a bot. Use --cookies-from-browser or --cookies for the authentication. See  https://github.com/yt-dlp/yt-dlp/wiki/FAQ#how-do-i-pass-cookies-to-yt-dlp  for how to manually pass cookies. Also see  https://github.com/yt-dlp/yt-dlp/wiki/Extractors#exporting-youtube-cookies  for tips on effectively exporting YouTube cookies
browser grab: player requested no stream
ERROR: [youtube] ePdbj2bZ-Ro: Sign in to confirm you’re not a bot. Use --cookies-from-browser or --cookies for the authentication. See  https://github.com/yt-dlp/yt-dlp/wiki/FAQ#how-do-i-pass-cookies-to-yt-dlp  for how to manually pass cookies. Also see  https://github.com/yt-dlp/yt-dlp/wiki/Extractors#exporting-youtube-cookies  for tips on effectively exporting YouTube cookies
browser grab: player requested no stream
ERROR: [youtube] ewPBVaFfgS4: Sign in to confirm you’re not a bot. Use --cookies-from-browser or --cookies for the authentication. See  https://github.com/yt-dlp/yt-dlp/wiki/FAQ#how-do-i-pass-cookies-to-yt-dlp  for how to manually pass cookies. Also see  https://github.com/yt-dlp/yt-dlp/wiki/Extractors#exporting-youtube-cookies  for tips on effectively exporting YouTube cookies
browser grab: player requested no stream
ERROR: [youtube] hcY-2Xux2oI: Sign in to confirm you’re not a bot. Use --cookies-from-browser or --cookies for the authentication. See  https://github.com/yt-dlp/yt-dlp/wiki/FAQ#how-do-i-pass-cookies-to-yt-dlp  for how to manually pass cookies. Also see  https://github.com/yt-dlp/yt-dlp/wiki/Extractors#exporting-youtube-cookies  for tips on effectively exporting YouTube cookies
browser grab: player requested no stream
ERROR: [youtube] kfkUcxtX2b4: Sign in to confirm you’re not a bot. Use --cookies-from-browser or --cookies for the authentication. See  https://github.com/yt-dlp/yt-dlp/wiki/FAQ#how-do-i-pass-cookies-to-yt-dlp  for how to manually pass cookies. Also see  https://github.com/yt-dlp/yt-dlp/wiki/Extractors#exporting-youtube-cookies  for tips on effectively exporting YouTube cookies
browser grab: player requested no stream
ERROR: [youtube] l7tQ1v4TCeY: Sign in to confirm you’re not a bot. Use --cookies-from-browser or --cookies for the authentication. See  https://github.com/yt-dlp/yt-dlp/wiki/FAQ#how-do-i-pass-cookies-to-yt-dlp  for how to manually pass cookies. Also see  https://github.com/yt-dlp/yt-dlp/wiki/Extractors#exporting-youtube-cookies  for tips on effectively exporting YouTube cookies
browser grab: player requested no stream
ERROR: [youtube] lSSVZvr3AZI: Sign in to confirm you’re not a bot. Use --cookies-from-browser or --cookies for the authentication. See  https://github.com/yt-dlp/yt-dlp/wiki/FAQ#how-do-i-pass-cookies-to-yt-dlp  for how to manually pass cookies. Also see  https://github.com/yt-dlp/yt-dlp/wiki/Extractors#exporting-youtube-cookies  for tips on effectively exporting YouTube cookies
browser grab: player requested no stream
ERROR: [youtube] lbn5ZrEmtGY: Sign in to confirm you’re not a bot. Use --cookies-from-browser or --cookies for the authentication. See  https://github.com/yt-dlp/yt-dlp/wiki/FAQ#how-do-i-pass-cookies-to-yt-dlp  for how to manually pass cookies. Also see  https://github.com/yt-dlp/yt-dlp/wiki/Extractors#exporting-youtube-cookies  for tips on effectively exporting YouTube cookies
browser grab: player requested no stream
ERROR: [youtube] lvVsp2EkzfA: Sign in to confirm you’re not a bot. Use --cookies-from-browser or --cookies for the authentication. See  https://github.com/yt-dlp/yt-dlp/wiki/FAQ#how-do-i-pass-cookies-to-yt-dlp  for how to manually pass cookies. Also see  https://github.com/yt-dlp/yt-dlp/wiki/Extractors#exporting-youtube-cookies  for tips on effectively exporting YouTube cookies
browser grab: player requested no stream
ERROR: [youtube] nuT-L5Dq1yM: Sign in to confirm you’re not a bot. Use --cookies-from-browser or --cookies for the authentication. See  https://github.com/yt-dlp/yt-dlp/wiki/FAQ#how-do-i-pass-cookies-to-yt-dlp  for how to manually pass cookies. Also see  https://github.com/yt-dlp/yt-dlp/wiki/Extractors#exporting-youtube-cookies  for tips on effectively exporting YouTube cookies
browser grab: player requested no stream
ERROR: [youtube] qsbDaLMWcFk: Sign in to confirm you’re not a bot. Use --cookies-from-browser or --cookies for the authentication. See  https://github.com/yt-dlp/yt-dlp/wiki/FAQ#how-do-i-pass-cookies-to-yt-dlp  for how to manually pass cookies. Also see  https://github.com/yt-dlp/yt-dlp/wiki/Extractors#exporting-youtube-cookies  for tips on effectively exporting YouTube cookies
browser grab: player requested no stream
ERROR: [youtube] rf-8WVpvXLQ: Sign in to confirm you’re not a bot. Use --cookies-from-browser or --cookies for the authentication. See  https://github.com/yt-dlp/yt-dlp/wiki/FAQ#how-do-i-pass-cookies-to-yt-dlp  for how to manually pass cookies. Also see  https://github.com/yt-dlp/yt-dlp/wiki/Extractors#exporting-youtube-cookies  for tips on effectively exporting YouTube cookies
browser grab: player requested no stream
ERROR: [youtube] s8pwG9B9i68: Private video
browser grab: player requested no stream
ERROR: [youtube] vGukGg7Q2_g: Sign in to confirm you’re not a bot. Use --cookies-from-browser or --cookies for the authentication. See  https://github.com/yt-dlp/yt-dlp/wiki/FAQ#how-do-i-pass-cookies-to-yt-dlp  for how to manually pass cookies. Also see  https://github.com/yt-dlp/yt-dlp/wiki/Extractors#exporting-youtube-cookies  for tips on effectively exporting YouTube cookies
browser grab: player requested no stream
ERROR: [youtube] zXlVQ8rMJM0: Sign in to confirm you’re not a bot. Use --cookies-from-browser or --cookies for the authentication. See  https://github.com/yt-dlp/yt-dlp/wiki/FAQ#how-do-i-pass-cookies-to-yt-dlp  for how to manually pass cookies. Also see  https://github.com/yt-dlp/yt-dlp/wiki/Extractors#exporting-youtube-cookies  for tips on effectively exporting YouTube cookies
browser grab: player requested no stream
ERROR: [twitter] 2104572138347004161: No video could be found in this tweet
browser grab: player requested no stream
ERROR: [twitter] 1958542409698029973: No video formats found!; please report this issue on  https://github.com/yt-dlp/yt-dlp/issues?q= , filling out the appropriate issue template. Confirm you are on the latest version using  yt-dlp -U
browser grab: player requested no stream
ERROR: [vimeo] 1000428611: Unable to download webpage: HTTP Error 401: Unauthorized (caused by <HTTPError 401: Unauthorized>)
vimeo config: HTTP Error 403: Forbidden
browser grab: player requested no stream
ERROR: [vimeo] 1003520566: Unable to download webpage: HTTP Error 401: Unauthorized (caused by <HTTPError 401: Unauthorized>)
vimeo config: HTTP Error 403: Forbidden
browser grab: player requested no stream
ERROR: [vimeo] 1005503871: Unable to download webpage: HTTP Error 401: Unauthorized (caused by <HTTPError 401: Unauthorized>)
vimeo config: HTTP Error 403: Forbidden
browser grab: player requested no stream
ERROR: [vimeo] 1019817182: Unable to download webpage: HTTP Error 401: Unauthorized (caused by <HTTPError 401: Unauthorized>)
vimeo config: HTTP Error 403: Forbidden
browser grab: player requested no stream
ERROR: [vimeo] 1028456308: Unable to download webpage: HTTP Error 401: Unauthorized (caused by <HTTPError 401: Unauthorized>)
vimeo config: HTTP Error 403: Forbidden
browser grab: player requested no stream
ERROR: [vimeo] 1032342761: Unable to download webpage: HTTP Error 401: Unauthorized (caused by <HTTPError 401: Unauthorized>)
vimeo config: HTTP Error 403: Forbidden
browser grab: player requested no stream
ERROR: [vimeo] 1045744435: Unable to download webpage: HTTP Error 401: Unauthorized (caused by <HTTPError 401: Unauthorized>)
vimeo config: HTTP Error 403: Forbidden
browser grab: player requested no stream
ERROR: [vimeo] 1052793933: Unable to download webpage: HTTP Error 401: Unauthorized (caused by <HTTPError 401: Unauthorized>)
vimeo config: HTTP Error 403: Forbidden
browser grab: player requested no stream
ERROR: [vimeo] 1055628210: Got HTTP Error 403 when using impersonate target "chrome-150:macos-26". If you are using a data center IP or VPN/proxy, your IP may be blocked; please report this issue on  https://github.com/yt-dlp/yt-dlp/issues?q= , filling out the appropriate issue template. Confirm you are on the latest version using  yt-dlp -U
vimeo config: HTTP Error 403: Forbidden
browser grab: player requested no stream
ERROR: [vimeo] 1060791132: Unable to download webpage: HTTP Error 401: Unauthorized (caused by <HTTPError 401: Unauthorized>)
vimeo config: HTTP Error 403: Forbidden
browser grab: player requested no stream
ERROR: [vimeo] 1063065012: Unable to download webpage: HTTP Error 401: Unauthorized (caused by <HTTPError 401: Unauthorized>)
vimeo config: HTTP Error 403: Forbidden
browser grab: player requested no stream
ERROR: [vimeo] 1070346086: Unable to download webpage: HTTP Error 401: Unauthorized (caused by <HTTPError 401: Unauthorized>)
vimeo config: HTTP Error 403: Forbidden
browser grab: player requested no stream
ERROR: [vimeo] 1071391927: Unable to download webpage: HTTP Error 401: Unauthorized (caused by <HTTPError 401: Unauthorized>)
vimeo config: HTTP Error 403: Forbidden
browser grab: player requested no stream
ERROR: [vimeo] 1073137958: Unable to download webpage: HTTP Error 401: Unauthorized (caused by <HTTPError 401: Unauthorized>)
vimeo config: HTTP Error 403: Forbidden
browser grab: player requested no stream
ERROR: [vimeo] 1077579827: Unable to download webpage: HTTP Error 401: Unauthorized (caused by <HTTPError 401: Unauthorized>)
vimeo config: HTTP Error 403: Forbidden
browser grab: player requested no stream
ERROR: [vimeo] 1077997034: Unable to download webpage: HTTP Error 401: Unauthorized (caused by <HTTPError 401: Unauthorized>)
vimeo config: HTTP Error 403: Forbidden
browser grab: player requested no stream
ERROR: [vimeo] 1082097249: Unable to download webpage: HTTP Error 401: Unauthorized (caused by <HTTPError 401: Unauthorized>)
vimeo config: HTTP Error 403: Forbidden
browser grab: player requested no stream
ERROR: [vimeo] 1084613281: Unable to download webpage: HTTP Error 401: Unauthorized (caused by <HTTPError 401: Unauthorized>)
vimeo config: HTTP Error 403: Forbidden
browser grab: player requested no stream
ERROR: [vimeo] 1086121316: Unable to download webpage: HTTP Error 401: Unauthorized (caused by <HTTPError 401: Unauthorized>)
vimeo config: HTTP Error 403: Forbidden
browser grab: player requested no stream
ERROR: [vimeo] 1088048135: Unable to download webpage: HTTP Error 401: Unauthorized (caused by <HTTPError 401: Unauthorized>)
vimeo config: HTTP Error 403: Forbidden
browser grab: player requested no stream
ERROR: [vimeo] 1088112506: Unable to download webpage: HTTP Error 401: Unauthorized (caused by <HTTPError 401: Unauthorized>)
vimeo config: HTTP Error 403: Forbidden
browser grab: player requested no stream
ERROR: [vimeo] 1090406786: Unable to download webpage: HTTP Error 401: Unauthorized (caused by <HTTPError 401: Unauthorized>)
vimeo config: HTTP Error 403: Forbidden
browser grab: player requested no stream
ERROR: [vimeo] 1090761161: Unable to download webpage: HTTP Error 401: Unauthorized (caused by <HTTPError 401: Unauthorized>)
vimeo config: HTTP Error 403: Forbidden
browser grab: player requested no stream
ERROR: [vimeo] 1099582893: Unable to download webpage: HTTP Error 401: Unauthorized (caused by <HTTPError 401: Unauthorized>)
vimeo config: HTTP Error 403: Forbidden
browser grab: player requested no stream
ERROR: [vimeo] 1101161938: Unable to download webpage: HTTP Error 401: Unauthorized (caused by <HTTPError 401: Unauthorized>)
vimeo config: HTTP Error 403: Forbidden
browser grab: player requested no stream
ERROR: [vimeo] 1113995160: Unable to download webpage: HTTP Error 401: Unauthorized (caused by <HTTPError 401: Unauthorized>)
vimeo config: HTTP Error 403: Forbidden
browser grab: player requested no stream
ERROR: [vimeo] 1123157733: Unable to download webpage: HTTP Error 401: Unauthorized (caused by <HTTPError 401: Unauthorized>)
vimeo config: HTTP Error 403: Forbidden
browser grab: player requested no stream
ERROR: [vimeo] 1127487275: Unable to download webpage: HTTP Error 401: Unauthorized (caused by <HTTPError 401: Unauthorized>)
vimeo config: HTTP Error 403: Forbidden
browser grab: player requested no stream
ERROR: [vimeo] 1131621508: Unable to download webpage: HTTP Error 401: Unauthorized (caused by <HTTPError 401: Unauthorized>)
vimeo config: HTTP Error 403: Forbidden
browser grab: player requested no stream
ERROR: [vimeo] 1140748062: Unable to download webpage: HTTP Error 401: Unauthorized (caused by <HTTPError 401: Unauthorized>)
vimeo config: HTTP Error 403: Forbidden
browser grab: player requested no stream
ERROR: [vimeo] 1149485398: Unable to download webpage: HTTP Error 401: Unauthorized (caused by <HTTPError 401: Unauthorized>)
vimeo config: HTTP Error 403: Forbidden
browser grab: player requested no stream
ERROR: [vimeo] 1153211765: Unable to download webpage: HTTP Error 401: Unauthorized (caused by <HTTPError 401: Unauthorized>)
vimeo config: HTTP Error 403: Forbidden
browser grab: player requested no stream
ERROR: [vimeo] 1159666833: Unable to download webpage: HTTP Error 401: Unauthorized (caused by <HTTPError 401: Unauthorized>)
vimeo config: HTTP Error 403: Forbidden
browser grab: player requested no stream
ERROR: [vimeo] 1180259662: Unable to download webpage: HTTP Error 401: Unauthorized (caused by <HTTPError 401: Unauthorized>)
vimeo config: HTTP Error 403: Forbidden
browser grab: player requested no stream
ERROR: [vimeo] 1189653589: Unable to download webpage: HTTP Error 401: Unauthorized (caused by <HTTPError 401: Unauthorized>)
vimeo config: HTTP Error 403: Forbidden
browser grab: player requested no stream
ERROR: [vimeo] 1200800680: Unable to download webpage: HTTP Error 401: Unauthorized (caused by <HTTPError 401: Unauthorized>)
vimeo config: HTTP Error 403: Forbidden
browser grab: player requested no stream
ERROR: [vimeo] 1213288567: Unable to download webpage: HTTP Error 401: Unauthorized (caused by <HTTPError 401: Unauthorized>)
vimeo config: HTTP Error 403: Forbidden
browser grab: player requested no stream
ERROR: [vimeo] 1213494473: Unable to download webpage: HTTP Error 401: Unauthorized (caused by <HTTPError 401: Unauthorized>)
vimeo config: HTTP Error 403: Forbidden
browser grab: player requested no stream
ERROR: [vimeo] 1217339732: Unable to download webpage: HTTP Error 401: Unauthorized (caused by <HTTPError 401: Unauthorized>)
vimeo config: HTTP Error 403: Forbidden
browser grab: player requested no stream
ERROR: [vimeo] 1228098940: Unable to download webpage: HTTP Error 401: Unauthorized (caused by <HTTPError 401: Unauthorized>)
vimeo config: HTTP Error 403: Forbidden
browser grab: player requested no stream
ERROR: [vimeo] 1230931366: Unable to download webpage: HTTP Error 401: Unauthorized (caused by <HTTPError 401: Unauthorized>)
vimeo config: HTTP Error 403: Forbidden
browser grab: player requested no stream
ERROR: [vimeo] 190263717: Unable to download webpage: HTTP Error 401: Unauthorized (caused by <HTTPError 401: Unauthorized>)
vimeo config: HTTP Error 403: Forbidden
browser grab: player requested no stream
ERROR: [vimeo] 257988899: Got HTTP Error 403 when using impersonate target "chrome-150:macos-26". If you are using a data center IP or VPN/proxy, your IP may be blocked; please report this issue on  https://github.com/yt-dlp/yt-dlp/issues?q= , filling out the appropriate issue template. Confirm you are on the latest version using  yt-dlp -U
vimeo config: HTTP Error 403: Forbidden
browser grab: player requested no stream
ERROR: [vimeo] 350295229: Unable to download webpage: HTTP Error 401: Unauthorized (caused by <HTTPError 401: Unauthorized>)
vimeo config: HTTP Error 403: Forbidden
browser grab: player requested no stream
ERROR: [vimeo] 381306679: Unable to download webpage: HTTP Error 401: Unauthorized (caused by <HTTPError 401: Unauthorized>)
vimeo config: HTTP Error 403: Forbidden
browser grab: player requested no stream
ERROR: [vimeo] 391200662: Unable to download webpage: HTTP Error 401: Unauthorized (caused by <HTTPError 401: Unauthorized>)
vimeo config: HTTP Error 403: Forbidden
browser grab: player requested no stream
ERROR: [vimeo] 392002113: Unable to download webpage: HTTP Error 401: Unauthorized (caused by <HTTPError 401: Unauthorized>)
vimeo config: HTTP Error 403: Forbidden
browser grab: player requested no stream
ERROR: [vimeo] 460485685: Unable to download webpage: HTTP Error 401: Unauthorized (caused by <HTTPError 401: Unauthorized>)
vimeo config: HTTP Error 403: Forbidden
browser grab: player requested no stream
ERROR: [vimeo] 472877456: Unable to download webpage: HTTP Error 401: Unauthorized (caused by <HTTPError 401: Unauthorized>)
vimeo config: HTTP Error 403: Forbidden
browser grab: player requested no stream
ERROR: [vimeo] 480814129: Unable to download webpage: HTTP Error 401: Unauthorized (caused by <HTTPError 401: Unauthorized>)
vimeo config: HTTP Error 403: Forbidden
browser grab: player requested no stream
ERROR: [vimeo] 510345673: Unable to download webpage: HTTP Error 401: Unauthorized (caused by <HTTPError 401: Unauthorized>)
vimeo config: HTTP Error 403: Forbidden
browser grab: player requested no stream
ERROR: [vimeo] 511633248: Unable to download webpage: HTTP Error 401: Unauthorized (caused by <HTTPError 401: Unauthorized>)
vimeo config: HTTP Error 403: Forbidden
browser grab: player requested no stream
ERROR: [vimeo] 512520206: Unable to download webpage: HTTP Error 401: Unauthorized (caused by <HTTPError 401: Unauthorized>)
vimeo config: HTTP Error 403: Forbidden
browser grab: player requested no stream
ERROR: [vimeo] 519589567: Unable to download webpage: HTTP Error 401: Unauthorized (caused by <HTTPError 401: Unauthorized>)
vimeo config: HTTP Error 403: Forbidden
browser grab: player requested no stream
ERROR: [vimeo] 527843966: Unable to download webpage: HTTP Error 401: Unauthorized (caused by <HTTPError 401: Unauthorized>)
vimeo config: HTTP Error 403: Forbidden
browser grab: player requested no stream
ERROR: [vimeo] 530751889: Unable to download webpage: HTTP Error 401: Unauthorized (caused by <HTTPError 401: Unauthorized>)
vimeo config: HTTP Error 403: Forbidden
browser grab: player requested no stream
ERROR: [vimeo] 534002953: Unable to download webpage: HTTP Error 401: Unauthorized (caused by <HTTPError 401: Unauthorized>)
vimeo config: HTTP Error 403: Forbidden
browser grab: player requested no stream
ERROR: [vimeo] 537359640: Unable to download webpage: HTTP Error 401: Unauthorized (caused by <HTTPError 401: Unauthorized>)
vimeo config: HTTP Error 403: Forbidden
browser grab: player requested no stream
ERROR: [vimeo] 554186691: Unable to download webpage: HTTP Error 401: Unauthorized (caused by <HTTPError 401: Unauthorized>)
vimeo config: HTTP Error 403: Forbidden
browser grab: player requested no stream
ERROR: [vimeo] 555786079: Unable to download webpage: HTTP Error 401: Unauthorized (caused by <HTTPError 401: Unauthorized>)
vimeo config: HTTP Error 403: Forbidden
browser grab: player requested no stream
ERROR: [vimeo] 565644120: Unable to download webpage: HTTP Error 401: Unauthorized (caused by <HTTPError 401: Unauthorized>)
vimeo config: HTTP Error 403: Forbidden
browser grab: player requested no stream
ERROR: [vimeo] 568479489: Unable to download webpage: HTTP Error 401: Unauthorized (caused by <HTTPError 401: Unauthorized>)
vimeo config: HTTP Error 403: Forbidden
browser grab: player requested no stream
ERROR: [vimeo] 568537296: Unable to download webpage: HTTP Error 404: Not Found (caused by <HTTPError 404: Not Found>)
vimeo config: HTTP Error 404: Not Found
browser grab: player requested no stream
ERROR: [vimeo] 577522663: Unable to download webpage: HTTP Error 401: Unauthorized (caused by <HTTPError 401: Unauthorized>)
vimeo config: HTTP Error 403: Forbidden
browser grab: player requested no stream
ERROR: [vimeo] 583101639: Unable to download webpage: HTTP Error 401: Unauthorized (caused by <HTTPError 401: Unauthorized>)
vimeo config: HTTP Error 403: Forbidden
browser grab: player requested no stream
ERROR: [vimeo] 583829786: Unable to download webpage: HTTP Error 404: Not Found (caused by <HTTPError 404: Not Found>)
vimeo config: HTTP Error 404: Not Found
browser grab: player requested no stream
ERROR: [vimeo] 636939299: Unable to download webpage: HTTP Error 401: Unauthorized (caused by <HTTPError 401: Unauthorized>)
vimeo config: HTTP Error 403: Forbidden
browser grab: player requested no stream
ERROR: [vimeo] 641936618: Unable to download webpage: HTTP Error 404: Not Found (caused by <HTTPError 404: Not Found>)
vimeo config: HTTP Error 404: Not Found
browser grab: player requested no stream
ERROR: [vimeo] 646480129: Unable to download webpage: HTTP Error 401: Unauthorized (caused by <HTTPError 401: Unauthorized>)
vimeo config: HTTP Error 403: Forbidden
browser grab: player requested no stream
ERROR: [vimeo] 651664655: Unable to download webpage: HTTP Error 401: Unauthorized (caused by <HTTPError 401: Unauthorized>)
vimeo config: HTTP Error 403: Forbidden
browser grab: player requested no stream
ERROR: [vimeo] 652343666: Unable to download webpage: HTTP Error 401: Unauthorized (caused by <HTTPError 401: Unauthorized>)
vimeo config: HTTP Error 403: Forbidden
browser grab: player requested no stream
ERROR: [vimeo] 656171908: Unable to download webpage: HTTP Error 401: Unauthorized (caused by <HTTPError 401: Unauthorized>)
vimeo config: HTTP Error 403: Forbidden
browser grab: player requested no stream
ERROR: [vimeo] 662013359: Unable to download webpage: HTTP Error 401: Unauthorized (caused by <HTTPError 401: Unauthorized>)
vimeo config: HTTP Error 403: Forbidden
browser grab: player requested no stream
ERROR: [vimeo] 665961394: Unable to download webpage: HTTP Error 401: Unauthorized (caused by <HTTPError 401: Unauthorized>)
vimeo config: HTTP Error 403: Forbidden
browser grab: player requested no stream
ERROR: [vimeo] 666812219: Unable to download webpage: HTTP Error 401: Unauthorized (caused by <HTTPError 401: Unauthorized>)
vimeo config: HTTP Error 403: Forbidden
browser grab: player requested no stream
ERROR: [vimeo] 669940285: Unable to download webpage: HTTP Error 401: Unauthorized (caused by <HTTPError 401: Unauthorized>)
vimeo config: HTTP Error 403: Forbidden
browser grab: player requested no stream
ERROR: [vimeo] 670711481: Unable to download webpage: HTTP Error 401: Unauthorized (caused by <HTTPError 401: Unauthorized>)
vimeo config: HTTP Error 403: Forbidden
browser grab: player requested no stream
ERROR: [vimeo] 672680672: Unable to download webpage: HTTP Error 401: Unauthorized (caused by <HTTPError 401: Unauthorized>)
vimeo config: HTTP Error 403: Forbidden
browser grab: player requested no stream
ERROR: [vimeo] 691939089: Unable to download webpage: HTTP Error 404: Not Found (caused by <HTTPError 404: Not Found>)
vimeo config: HTTP Error 404: Not Found
browser grab: player requested no stream
ERROR: [vimeo] 700781687: Unable to download webpage: HTTP Error 401: Unauthorized (caused by <HTTPError 401: Unauthorized>)
vimeo config: HTTP Error 403: Forbidden
browser grab: player requested no stream
ERROR: [vimeo] 703181913: Unable to download webpage: HTTP Error 401: Unauthorized (caused by <HTTPError 401: Unauthorized>)
vimeo config: HTTP Error 403: Forbidden
browser grab: player requested no stream
ERROR: [vimeo] 704094123: Unable to download webpage: HTTP Error 401: Unauthorized (caused by <HTTPError 401: Unauthorized>)
vimeo config: HTTP Error 403: Forbidden
browser grab: player requested no stream
ERROR: [vimeo] 704095071: Unable to download webpage: HTTP Error 401: Unauthorized (caused by <HTTPError 401: Unauthorized>)
vimeo config: HTTP Error 403: Forbidden
browser grab: player requested no stream
ERROR: [vimeo] 706580726: Unable to download webpage: HTTP Error 401: Unauthorized (caused by <HTTPError 401: Unauthorized>)
vimeo config: HTTP Error 403: Forbidden
browser grab: player requested no stream
ERROR: [vimeo] 708366312: Unable to download webpage: HTTP Error 401: Unauthorized (caused by <HTTPError 401: Unauthorized>)
vimeo config: HTTP Error 403: Forbidden
browser grab: player requested no stream
ERROR: [vimeo] 709579076: Unable to download webpage: HTTP Error 401: Unauthorized (caused by <HTTPError 401: Unauthorized>)
vimeo config: HTTP Error 403: Forbidden
browser grab: player requested no stream
ERROR: [vimeo] 711229237: Unable to download webpage: HTTP Error 401: Unauthorized (caused by <HTTPError 401: Unauthorized>)
vimeo config: HTTP Error 403: Forbidden
browser grab: player requested no stream
ERROR: [vimeo] 712898420: Unable to download webpage: HTTP Error 401: Unauthorized (caused by <HTTPError 401: Unauthorized>)
vimeo config: HTTP Error 403: Forbidden
browser grab: player requested no stream
ERROR: [vimeo] 730128202: Unable to download webpage: HTTP Error 404: Not Found (caused by <HTTPError 404: Not Found>)
vimeo config: HTTP Error 404: Not Found
browser grab: player requested no stream
ERROR: [vimeo] 730130249: Got HTTP Error 403 when using impersonate target "chrome-150:macos-26". If you are using a data center IP or VPN/proxy, your IP may be blocked; please report this issue on  https://github.com/yt-dlp/yt-dlp/issues?q= , filling out the appropriate issue template. Confirm you are on the latest version using  yt-dlp -U
vimeo config: HTTP Error 403: Forbidden
browser grab: player requested no stream
ERROR: [vimeo] 731707859: Unable to download webpage: HTTP Error 401: Unauthorized (caused by <HTTPError 401: Unauthorized>)
vimeo config: HTTP Error 403: Forbidden
browser grab: player requested no stream
ERROR: [vimeo] 732141140: Unable to download webpage: HTTP Error 401: Unauthorized (caused by <HTTPError 401: Unauthorized>)
vimeo config: HTTP Error 403: Forbidden
browser grab: player requested no stream
ERROR: [vimeo] 737626821: Got HTTP Error 403 when using impersonate target "chrome-150:macos-26". If you are using a data center IP or VPN/proxy, your IP may be blocked; please report this issue on  https://github.com/yt-dlp/yt-dlp/issues?q= , filling out the appropriate issue template. Confirm you are on the latest version using  yt-dlp -U
vimeo config: HTTP Error 403: Forbidden
browser grab: player requested no stream
ERROR: [vimeo] 740406064: Unable to download webpage: HTTP Error 401: Unauthorized (caused by <HTTPError 401: Unauthorized>)
vimeo config: HTTP Error 403: Forbidden
browser grab: player requested no stream
ERROR: [vimeo] 741853416: Unable to download webpage: HTTP Error 401: Unauthorized (caused by <HTTPError 401: Unauthorized>)
vimeo config: HTTP Error 403: Forbidden
browser grab: player requested no stream
ERROR: [vimeo] 743455455: Unable to download webpage: HTTP Error 401: Unauthorized (caused by <HTTPError 401: Unauthorized>)
vimeo config: HTTP Error 403: Forbidden
browser grab: player requested no stream
ERROR: [vimeo] 762662864: Got HTTP Error 403 when using impersonate target "chrome-150:macos-26". If you are using a data center IP or VPN/proxy, your IP may be blocked; please report this issue on  https://github.com/yt-dlp/yt-dlp/issues?q= , filling out the appropriate issue template. Confirm you are on the latest version using  yt-dlp -U
vimeo config: HTTP Error 403: Forbidden
browser grab: player requested no stream
ERROR: [vimeo] 765663789: Unable to download webpage: HTTP Error 401: Unauthorized (caused by <HTTPError 401: Unauthorized>)
vimeo config: HTTP Error 403: Forbidden
browser grab: player requested no stream
ERROR: [vimeo] 768417163: Unable to download webpage: HTTP Error 401: Unauthorized (caused by <HTTPError 401: Unauthorized>)
vimeo config: HTTP Error 403: Forbidden
browser grab: player requested no stream
ERROR: [vimeo] 777388617: Got HTTP Error 403 when using impersonate target "chrome-150:macos-26". If you are using a data center IP or VPN/proxy, your IP may be blocked; please report this issue on  https://github.com/yt-dlp/yt-dlp/issues?q= , filling out the appropriate issue template. Confirm you are on the latest version using  yt-dlp -U
vimeo config: HTTP Error 403: Forbidden
browser grab: player requested no stream
ERROR: [vimeo] 778211104: Got HTTP Error 403 when using impersonate target "chrome-150:macos-26". If you are using a data center IP or VPN/proxy, your IP may be blocked; please report this issue on  https://github.com/yt-dlp/yt-dlp/issues?q= , filling out the appropriate issue template. Confirm you are on the latest version using  yt-dlp -U
vimeo config: HTTP Error 403: Forbidden
browser grab: player requested no stream
ERROR: [vimeo] 787574174: Got HTTP Error 403 when using impersonate target "chrome-150:macos-26". If you are using a data center IP or VPN/proxy, your IP may be blocked; please report this issue on  https://github.com/yt-dlp/yt-dlp/issues?q= , filling out the appropriate issue template. Confirm you are on the latest version using  yt-dlp -U
vimeo config: HTTP Error 403: Forbidden
browser grab: player requested no stream
ERROR: [vimeo] 787858378: Unable to download webpage: HTTP Error 401: Unauthorized (caused by <HTTPError 401: Unauthorized>)
vimeo config: HTTP Error 403: Forbidden
browser grab: player requested no stream
ERROR: [vimeo] 788586281: Unable to download webpage: HTTP Error 401: Unauthorized (caused by <HTTPError 401: Unauthorized>)
vimeo config: HTTP Error 403: Forbidden
browser grab: player requested no stream
ERROR: [vimeo] 790492340: Unable to download webpage: HTTP Error 401: Unauthorized (caused by <HTTPError 401: Unauthorized>)
vimeo config: HTTP Error 403: Forbidden
browser grab: player requested no stream
ERROR: [vimeo] 795586520: Unable to download webpage: HTTP Error 401: Unauthorized (caused by <HTTPError 401: Unauthorized>)
vimeo config: HTTP Error 403: Forbidden
browser grab: player requested no stream
ERROR: [vimeo] 796602219: Unable to download webpage: HTTP Error 401: Unauthorized (caused by <HTTPError 401: Unauthorized>)
vimeo config: HTTP Error 403: Forbidden
browser grab: player requested no stream
ERROR: [vimeo] 800250687: Unable to download webpage: HTTP Error 401: Unauthorized (caused by <HTTPError 401: Unauthorized>)
vimeo config: HTTP Error 403: Forbidden
browser grab: player requested no stream
ERROR: [vimeo] 802732955: Unable to download webpage: HTTP Error 401: Unauthorized (caused by <HTTPError 401: Unauthorized>)
vimeo config: HTTP Error 403: Forbidden
browser grab: player requested no stream
ERROR: [vimeo] 810073790: Unable to download webpage: HTTP Error 401: Unauthorized (caused by <HTTPError 401: Unauthorized>)
vimeo config: HTTP Error 403: Forbidden
browser grab: player requested no stream
ERROR: [vimeo] 810643191: Got HTTP Error 403 when using impersonate target "chrome-150:macos-26". If you are using a data center IP or VPN/proxy, your IP may be blocked; please report this issue on  https://github.com/yt-dlp/yt-dlp/issues?q= , filling out the appropriate issue template. Confirm you are on the latest version using  yt-dlp -U
vimeo config: HTTP Error 403: Forbidden
browser grab: player requested no stream
ERROR: [vimeo] 814001176: Unable to download webpage: HTTP Error 401: Unauthorized (caused by <HTTPError 401: Unauthorized>)
vimeo config: HTTP Error 403: Forbidden
browser grab: player requested no stream
ERROR: [vimeo] 818272151: Unable to download webpage: HTTP Error 401: Unauthorized (caused by <HTTPError 401: Unauthorized>)
vimeo config: HTTP Error 403: Forbidden
browser grab: player requested no stream
ERROR: [vimeo] 821326070: Unable to download webpage: HTTP Error 401: Unauthorized (caused by <HTTPError 401: Unauthorized>)
vimeo config: HTTP Error 403: Forbidden
browser grab: player requested no stream
ERROR: [vimeo] 821704834: Unable to download webpage: HTTP Error 401: Unauthorized (caused by <HTTPError 401: Unauthorized>)
vimeo config: HTTP Error 403: Forbidden
browser grab: player requested no stream
ERROR: [vimeo] 822491037: Unable to download webpage: HTTP Error 401: Unauthorized (caused by <HTTPError 401: Unauthorized>)
vimeo config: HTTP Error 403: Forbidden
browser grab: player requested no stream
ERROR: [vimeo] 826803545: Unable to download webpage: HTTP Error 401: Unauthorized (caused by <HTTPError 401: Unauthorized>)
vimeo config: HTTP Error 403: Forbidden
browser grab: player requested no stream
ERROR: [vimeo] 828299727: Unable to download webpage: HTTP Error 401: Unauthorized (caused by <HTTPError 401: Unauthorized>)
vimeo config: HTTP Error 403: Forbidden
browser grab: player requested no stream
ERROR: [vimeo] 837620040: Unable to download webpage: HTTP Error 401: Unauthorized (caused by <HTTPError 401: Unauthorized>)
vimeo config: HTTP Error 403: Forbidden
browser grab: player requested no stream
ERROR: [vimeo] 842113467: Unable to download webpage: HTTP Error 401: Unauthorized (caused by <HTTPError 401: Unauthorized>)
vimeo config: HTTP Error 403: Forbidden
browser grab: player requested no stream
ERROR: [vimeo] 856430844: Unable to download webpage: HTTP Error 401: Unauthorized (caused by <HTTPError 401: Unauthorized>)
vimeo config: HTTP Error 403: Forbidden
browser grab: player requested no stream
ERROR: [vimeo] 858368725: Unable to download webpage: HTTP Error 401: Unauthorized (caused by <HTTPError 401: Unauthorized>)
vimeo config: HTTP Error 403: Forbidden
browser grab: player requested no stream
ERROR: [vimeo] 858596946: Unable to download webpage: HTTP Error 401: Unauthorized (caused by <HTTPError 401: Unauthorized>)
vimeo config: HTTP Error 403: Forbidden
browser grab: player requested no stream
ERROR: [vimeo] 859934391: Got HTTP Error 403 when using impersonate target "chrome-150:macos-26". If you are using a data center IP or VPN/proxy, your IP may be blocked; please report this issue on  https://github.com/yt-dlp/yt-dlp/issues?q= , filling out the appropriate issue template. Confirm you are on the latest version using  yt-dlp -U
vimeo config: HTTP Error 403: Forbidden
browser grab: player requested no stream
ERROR: [vimeo] 859934875: Got HTTP Error 403 when using impersonate target "chrome-150:macos-26". If you are using a data center IP or VPN/proxy, your IP may be blocked; please report this issue on  https://github.com/yt-dlp/yt-dlp/issues?q= , filling out the appropriate issue template. Confirm you are on the latest version using  yt-dlp -U
vimeo config: HTTP Error 403: Forbidden
browser grab: player requested no stream
ERROR: [vimeo] 862011844: Unable to download webpage: HTTP Error 401: Unauthorized (caused by <HTTPError 401: Unauthorized>)
vimeo config: HTTP Error 403: Forbidden
browser grab: player requested no stream
ERROR: [vimeo] 865892650: Unable to download webpage: HTTP Error 401: Unauthorized (caused by <HTTPError 401: Unauthorized>)
vimeo config: HTTP Error 403: Forbidden
browser grab: player requested no stream
ERROR: [vimeo] 869264017: Unable to download webpage: HTTP Error 401: Unauthorized (caused by <HTTPError 401: Unauthorized>)
vimeo config: HTTP Error 403: Forbidden
browser grab: player requested no stream
ERROR: [vimeo] 872926203: Unable to download webpage: HTTP Error 401: Unauthorized (caused by <HTTPError 401: Unauthorized>)
vimeo config: HTTP Error 403: Forbidden
browser grab: player requested no stream
ERROR: [vimeo] 875165589: Unable to download webpage: HTTP Error 401: Unauthorized (caused by <HTTPError 401: Unauthorized>)
vimeo config: HTTP Error 403: Forbidden
browser grab: player requested no stream
ERROR: [vimeo] 875517146: Unable to download webpage: HTTP Error 401: Unauthorized (caused by <HTTPError 401: Unauthorized>)
vimeo config: HTTP Error 403: Forbidden
browser grab: player requested no stream
ERROR: [vimeo] 877463297: Unable to download webpage: HTTP Error 401: Unauthorized (caused by <HTTPError 401: Unauthorized>)
vimeo config: HTTP Error 403: Forbidden
browser grab: player requested no stream
ERROR: [vimeo] 877925079: Unable to download webpage: HTTP Error 401: Unauthorized (caused by <HTTPError 401: Unauthorized>)
vimeo config: HTTP Error 403: Forbidden
browser grab: player requested no stream
ERROR: [vimeo] 879779444: Unable to download webpage: HTTP Error 401: Unauthorized (caused by <HTTPError 401: Unauthorized>)
vimeo config: HTTP Error 403: Forbidden
browser grab: player requested no stream
ERROR: [vimeo] 879789004: Unable to download webpage: HTTP Error 401: Unauthorized (caused by <HTTPError 401: Unauthorized>)
vimeo config: HTTP Error 403: Forbidden
browser grab: player requested no stream
ERROR: [vimeo] 884594117: Unable to download webpage: HTTP Error 401: Unauthorized (caused by <HTTPError 401: Unauthorized>)
vimeo config: HTTP Error 403: Forbidden
browser grab: player requested no stream
ERROR: [vimeo] 888696435: Unable to download webpage: HTTP Error 401: Unauthorized (caused by <HTTPError 401: Unauthorized>)
vimeo config: HTTP Error 403: Forbidden
browser grab: player requested no stream
ERROR: [vimeo] 894459644: Unable to download webpage: HTTP Error 401: Unauthorized (caused by <HTTPError 401: Unauthorized>)
vimeo config: HTTP Error 403: Forbidden
browser grab: player requested no stream
ERROR: [vimeo] 901086842: Unable to download webpage: HTTP Error 401: Unauthorized (caused by <HTTPError 401: Unauthorized>)
vimeo config: HTTP Error 403: Forbidden
browser grab: player requested no stream
ERROR: [vimeo] 903711268: Unable to download webpage: HTTP Error 401: Unauthorized (caused by <HTTPError 401: Unauthorized>)
vimeo config: HTTP Error 403: Forbidden
browser grab: player requested no stream
ERROR: [vimeo] 908785368: Got HTTP Error 403 when using impersonate target "chrome-150:macos-26". If you are using a data center IP or VPN/proxy, your IP may be blocked; please report this issue on  https://github.com/yt-dlp/yt-dlp/issues?q= , filling out the appropriate issue template. Confirm you are on the latest version using  yt-dlp -U
vimeo config: HTTP Error 403: Forbidden
browser grab: player requested no stream
ERROR: [vimeo] 917188881: Unable to download webpage: HTTP Error 401: Unauthorized (caused by <HTTPError 401: Unauthorized>)
vimeo config: HTTP Error 403: Forbidden
browser grab: player requested no stream
ERROR: [vimeo] 924666407: Unable to download webpage: HTTP Error 401: Unauthorized (caused by <HTTPError 401: Unauthorized>)
vimeo config: HTTP Error 403: Forbidden
browser grab: player requested no stream
ERROR: [vimeo] 930611151: Unable to download webpage: HTTP Error 401: Unauthorized (caused by <HTTPError 401: Unauthorized>)
vimeo config: HTTP Error 403: Forbidden
browser grab: player requested no stream
ERROR: [vimeo] 950786714: Unable to download webpage: HTTP Error 401: Unauthorized (caused by <HTTPError 401: Unauthorized>)
vimeo config: HTTP Error 403: Forbidden
browser grab: player requested no stream
ERROR: [vimeo] 957031076: Unable to download webpage: HTTP Error 401: Unauthorized (caused by <HTTPError 401: Unauthorized>)
vimeo config: HTTP Error 403: Forbidden
browser grab: player requested no stream
ERROR: [vimeo] 972845076: Unable to download webpage: HTTP Error 401: Unauthorized (caused by <HTTPError 401: Unauthorized>)
vimeo config: HTTP Error 403: Forbidden
browser grab: player requested no stream
ERROR: [vimeo] 981240740: Unable to download webpage: HTTP Error 401: Unauthorized (caused by <HTTPError 401: Unauthorized>)
vimeo config: HTTP Error 403: Forbidden
browser grab: player requested no stream
ERROR: [vimeo] 984799216: Unable to download webpage: HTTP Error 401: Unauthorized (caused by <HTTPError 401: Unauthorized>)
vimeo config: HTTP Error 403: Forbidden
browser grab: player requested no stream
ERROR: [vimeo] 994999768: Unable to download webpage: HTTP Error 401: Unauthorized (caused by <HTTPError 401: Unauthorized>)
vimeo config: HTTP Error 403: Forbidden
browser grab: player requested no stream
ERROR: [youtube] Al-EakZKc1Q: Sign in to confirm you’re not a bot. Use --cookies-from-browser or --cookies for the authentication. See  https://github.com/yt-dlp/yt-dlp/wiki/FAQ#how-do-i-pass-cookies-to-yt-dlp  for how to manually pass cookies. Also see  https://github.com/yt-dlp/yt-dlp/wiki/Extractors#exporting-youtube-cookies  for tips on effectively exporting YouTube cookies
browser grab: player requested no stream
ERROR: [youtube] OdmpcBvw_5M: Sign in to confirm you’re not a bot. Use --cookies-from-browser or --cookies for the authentication. See  https://github.com/yt-dlp/yt-dlp/wiki/FAQ#how-do-i-pass-cookies-to-yt-dlp  for how to manually pass cookies. Also see  https://github.com/yt-dlp/yt-dlp/wiki/Extractors#exporting-youtube-cookies  for tips on effectively exporting YouTube cookies
browser grab: player requested no stream
ERROR: [youtube] QUa5UXRi2Mk: Sign in to confirm you’re not a bot. Use --cookies-from-browser or --cookies for the authentication. See  https://github.com/yt-dlp/yt-dlp/wiki/FAQ#how-do-i-pass-cookies-to-yt-dlp  for how to manually pass cookies. Also see  https://github.com/yt-dlp/yt-dlp/wiki/Extractors#exporting-youtube-cookies  for tips on effectively exporting YouTube cookies
browser grab: player requested no stream
curl: (22) The requested URL returned error: 403
curl: (22) The requested URL returned error: 403
curl: (22) The requested URL returned error: 403
curl: (22) The requested URL returned error: 403
curl: (22) The requested URL returned error: 403
curl: (22) The requested URL returned error: 403
curl: (22) The requested URL returned error: 403
curl: (22) The requested URL returned error: 403
curl: (22) The requested URL returned error: 403
curl: (22) The requested URL returned error: 403
curl: (22) The requested URL returned error: 403
curl: (22) The requested URL returned error: 403
curl: (22) The requested URL returned error: 403
curl: (22) The requested URL returned error: 403
curl: (22) The requested URL returned error: 403
curl: (22) The requested URL returned error: 403
curl: (22) The requested URL returned error: 403
curl: (22) The requested URL returned error: 403
curl: (22) The requested URL returned error: 403
curl: (22) The requested URL returned error: 403
curl: (22) The requested URL returned error: 403
curl: (22) The requested URL returned error: 403
curl: (22) The requested URL returned error: 403
curl: (22) The requested URL returned error: 403
curl: (22) The requested URL returned error: 403
curl: (22) The requested URL returned error: 403
curl: (22) The requested URL returned error: 403
curl: (22) The requested URL returned error: 403
curl: (22) The requested URL returned error: 403
curl: (22) The requested URL returned error: 403
curl: (22) The requested URL returned error: 403
curl: (22) The requested URL returned error: 403
curl: (22) The requested URL returned error: 403
curl: (22) The requested URL returned error: 403
curl: (22) The requested URL returned error: 403
curl: (22) The requested URL returned error: 403
curl: (22) The requested URL returned error: 403
curl: (22) The requested URL returned error: 403
curl: (22) The requested URL returned error: 403
curl: (22) The requested URL returned error: 403
curl: (22) The requested URL returned error: 403
curl: (22) The requested URL returned error: 403
curl: (22) The requested URL returned error: 403
curl: (22) The requested URL returned error: 403
curl: (22) The requested URL returned error: 403
curl: (22) The requested URL returned error: 403
curl: (22) The requested URL returned error: 403
curl: (22) The requested URL returned error: 403
curl: (22) The requested URL returned error: 403
curl: (22) The requested URL returned error: 403
curl: (22) The requested URL returned error: 403
curl: (22) The requested URL returned error: 403
curl: (22) The requested URL returned error: 403
curl: (22) The requested URL returned error: 403
curl: (22) The requested URL returned error: 403
curl: (22) The requested URL returned error: 403
curl: (22) The requested URL returned error: 403
