curl: (22) The requested URL returned error: 403
curl: (22) The requested URL returned error: 403
ERROR: [generic] Motionflash Back 2025 - Cheng Ping Li: Unable to download webpage: HTTP Error 404: Not Found (caused by <HTTPError 404: Not Found>)
ERROR: [youtube] 0KtoKUc_VZM: Sign in to confirm you’re not a bot. Use --cookies-from-browser or --cookies for the authentication. See  https://github.com/yt-dlp/yt-dlp/wiki/FAQ#how-do-i-pass-cookies-to-yt-dlp  for how to manually pass cookies. Also see  https://github.com/yt-dlp/yt-dlp/wiki/Extractors#exporting-youtube-cookies  for tips on effectively exporting YouTube cookies
ERROR: [youtube] 0YmHnkTVkFA: Sign in to confirm you’re not a bot. Use --cookies-from-browser or --cookies for the authentication. See  https://github.com/yt-dlp/yt-dlp/wiki/FAQ#how-do-i-pass-cookies-to-yt-dlp  for how to manually pass cookies. Also see  https://github.com/yt-dlp/yt-dlp/wiki/Extractors#exporting-youtube-cookies  for tips on effectively exporting YouTube cookies
ERROR: [youtube] 0pcPy8riGnI: Sign in to confirm you’re not a bot. Use --cookies-from-browser or --cookies for the authentication. See  https://github.com/yt-dlp/yt-dlp/wiki/FAQ#how-do-i-pass-cookies-to-yt-dlp  for how to manually pass cookies. Also see  https://github.com/yt-dlp/yt-dlp/wiki/Extractors#exporting-youtube-cookies  for tips on effectively exporting YouTube cookies
ERROR: [youtube] 1-izXBhkiHw: Sign in to confirm you’re not a bot. Use --cookies-from-browser or --cookies for the authentication. See  https://github.com/yt-dlp/yt-dlp/wiki/FAQ#how-do-i-pass-cookies-to-yt-dlp  for how to manually pass cookies. Also see  https://github.com/yt-dlp/yt-dlp/wiki/Extractors#exporting-youtube-cookies  for tips on effectively exporting YouTube cookies
ERROR: [youtube] 2r0VtlaU6T0: Sign in to confirm you’re not a bot. Use --cookies-from-browser or --cookies for the authentication. See  https://github.com/yt-dlp/yt-dlp/wiki/FAQ#how-do-i-pass-cookies-to-yt-dlp  for how to manually pass cookies. Also see  https://github.com/yt-dlp/yt-dlp/wiki/Extractors#exporting-youtube-cookies  for tips on effectively exporting YouTube cookies
ERROR: [youtube] 6W-60Hz_l0U: Sign in to confirm you’re not a bot. Use --cookies-from-browser or --cookies for the authentication. See  https://github.com/yt-dlp/yt-dlp/wiki/FAQ#how-do-i-pass-cookies-to-yt-dlp  for how to manually pass cookies. Also see  https://github.com/yt-dlp/yt-dlp/wiki/Extractors#exporting-youtube-cookies  for tips on effectively exporting YouTube cookies
ERROR: [youtube] 6mrpjlZxQ-g: Sign in to confirm you’re not a bot. Use --cookies-from-browser or --cookies for the authentication. See  https://github.com/yt-dlp/yt-dlp/wiki/FAQ#how-do-i-pass-cookies-to-yt-dlp  for how to manually pass cookies. Also see  https://github.com/yt-dlp/yt-dlp/wiki/Extractors#exporting-youtube-cookies  for tips on effectively exporting YouTube cookies
ERROR: [youtube] 7vuy0slk_WY: Sign in to confirm you’re not a bot. Use --cookies-from-browser or --cookies for the authentication. See  https://github.com/yt-dlp/yt-dlp/wiki/FAQ#how-do-i-pass-cookies-to-yt-dlp  for how to manually pass cookies. Also see  https://github.com/yt-dlp/yt-dlp/wiki/Extractors#exporting-youtube-cookies  for tips on effectively exporting YouTube cookies
ERROR: [youtube] AWXAd2GhHrg: Sign in to confirm you’re not a bot. Use --cookies-from-browser or --cookies for the authentication. See  https://github.com/yt-dlp/yt-dlp/wiki/FAQ#how-do-i-pass-cookies-to-yt-dlp  for how to manually pass cookies. Also see  https://github.com/yt-dlp/yt-dlp/wiki/Extractors#exporting-youtube-cookies  for tips on effectively exporting YouTube cookies
ERROR: [youtube] B6zVzWU95Sw: Sign in to confirm you’re not a bot. Use --cookies-from-browser or --cookies for the authentication. See  https://github.com/yt-dlp/yt-dlp/wiki/FAQ#how-do-i-pass-cookies-to-yt-dlp  for how to manually pass cookies. Also see  https://github.com/yt-dlp/yt-dlp/wiki/Extractors#exporting-youtube-cookies  for tips on effectively exporting YouTube cookies
ERROR: [youtube] EDATYbzYGiE: Sign in to confirm you’re not a bot. Use --cookies-from-browser or --cookies for the authentication. See  https://github.com/yt-dlp/yt-dlp/wiki/FAQ#how-do-i-pass-cookies-to-yt-dlp  for how to manually pass cookies. Also see  https://github.com/yt-dlp/yt-dlp/wiki/Extractors#exporting-youtube-cookies  for tips on effectively exporting YouTube cookies
ERROR: [youtube] HQ5FygOeEnQ: Sign in to confirm you’re not a bot. Use --cookies-from-browser or --cookies for the authentication. See  https://github.com/yt-dlp/yt-dlp/wiki/FAQ#how-do-i-pass-cookies-to-yt-dlp  for how to manually pass cookies. Also see  https://github.com/yt-dlp/yt-dlp/wiki/Extractors#exporting-youtube-cookies  for tips on effectively exporting YouTube cookies
ERROR: [youtube] I6pVSStmALo: Sign in to confirm you’re not a bot. Use --cookies-from-browser or --cookies for the authentication. See  https://github.com/yt-dlp/yt-dlp/wiki/FAQ#how-do-i-pass-cookies-to-yt-dlp  for how to manually pass cookies. Also see  https://github.com/yt-dlp/yt-dlp/wiki/Extractors#exporting-youtube-cookies  for tips on effectively exporting YouTube cookies
ERROR: [youtube] JPvLbNDABnA: Sign in to confirm you’re not a bot. Use --cookies-from-browser or --cookies for the authentication. See  https://github.com/yt-dlp/yt-dlp/wiki/FAQ#how-do-i-pass-cookies-to-yt-dlp  for how to manually pass cookies. Also see  https://github.com/yt-dlp/yt-dlp/wiki/Extractors#exporting-youtube-cookies  for tips on effectively exporting YouTube cookies
ERROR: [youtube] K-48RXyuRaY: Sign in to confirm you’re not a bot. Use --cookies-from-browser or --cookies for the authentication. See  https://github.com/yt-dlp/yt-dlp/wiki/FAQ#how-do-i-pass-cookies-to-yt-dlp  for how to manually pass cookies. Also see  https://github.com/yt-dlp/yt-dlp/wiki/Extractors#exporting-youtube-cookies  for tips on effectively exporting YouTube cookies
ERROR: [youtube] NHodnYFUT_I: Sign in to confirm you’re not a bot. Use --cookies-from-browser or --cookies for the authentication. See  https://github.com/yt-dlp/yt-dlp/wiki/FAQ#how-do-i-pass-cookies-to-yt-dlp  for how to manually pass cookies. Also see  https://github.com/yt-dlp/yt-dlp/wiki/Extractors#exporting-youtube-cookies  for tips on effectively exporting YouTube cookies
ERROR: [youtube] P-OZwbegYss: Sign in to confirm you’re not a bot. Use --cookies-from-browser or --cookies for the authentication. See  https://github.com/yt-dlp/yt-dlp/wiki/FAQ#how-do-i-pass-cookies-to-yt-dlp  for how to manually pass cookies. Also see  https://github.com/yt-dlp/yt-dlp/wiki/Extractors#exporting-youtube-cookies  for tips on effectively exporting YouTube cookies
ERROR: [youtube] P3ZTxke4AOU: Sign in to confirm you’re not a bot. Use --cookies-from-browser or --cookies for the authentication. See  https://github.com/yt-dlp/yt-dlp/wiki/FAQ#how-do-i-pass-cookies-to-yt-dlp  for how to manually pass cookies. Also see  https://github.com/yt-dlp/yt-dlp/wiki/Extractors#exporting-youtube-cookies  for tips on effectively exporting YouTube cookies
ERROR: [youtube] UcZfSIegPNw: Sign in to confirm you’re not a bot. Use --cookies-from-browser or --cookies for the authentication. See  https://github.com/yt-dlp/yt-dlp/wiki/FAQ#how-do-i-pass-cookies-to-yt-dlp  for how to manually pass cookies. Also see  https://github.com/yt-dlp/yt-dlp/wiki/Extractors#exporting-youtube-cookies  for tips on effectively exporting YouTube cookies
ERROR: [youtube] ZNL2zi0U37A: Sign in to confirm you’re not a bot. Use --cookies-from-browser or --cookies for the authentication. See  https://github.com/yt-dlp/yt-dlp/wiki/FAQ#how-do-i-pass-cookies-to-yt-dlp  for how to manually pass cookies. Also see  https://github.com/yt-dlp/yt-dlp/wiki/Extractors#exporting-youtube-cookies  for tips on effectively exporting YouTube cookies
ERROR: [youtube] ZOJ1lX8ykhg: Sign in to confirm you’re not a bot. Use --cookies-from-browser or --cookies for the authentication. See  https://github.com/yt-dlp/yt-dlp/wiki/FAQ#how-do-i-pass-cookies-to-yt-dlp  for how to manually pass cookies. Also see  https://github.com/yt-dlp/yt-dlp/wiki/Extractors#exporting-youtube-cookies  for tips on effectively exporting YouTube cookies
ERROR: [youtube] ZZSROGCVg9M: Sign in to confirm you’re not a bot. Use --cookies-from-browser or --cookies for the authentication. See  https://github.com/yt-dlp/yt-dlp/wiki/FAQ#how-do-i-pass-cookies-to-yt-dlp  for how to manually pass cookies. Also see  https://github.com/yt-dlp/yt-dlp/wiki/Extractors#exporting-youtube-cookies  for tips on effectively exporting YouTube cookies
ERROR: [youtube] ZksgjJs3Kts: Sign in to confirm you’re not a bot. Use --cookies-from-browser or --cookies for the authentication. See  https://github.com/yt-dlp/yt-dlp/wiki/FAQ#how-do-i-pass-cookies-to-yt-dlp  for how to manually pass cookies. Also see  https://github.com/yt-dlp/yt-dlp/wiki/Extractors#exporting-youtube-cookies  for tips on effectively exporting YouTube cookies
ERROR: [youtube] _e3AhpAHB1w: Sign in to confirm you’re not a bot. Use --cookies-from-browser or --cookies for the authentication. See  https://github.com/yt-dlp/yt-dlp/wiki/FAQ#how-do-i-pass-cookies-to-yt-dlp  for how to manually pass cookies. Also see  https://github.com/yt-dlp/yt-dlp/wiki/Extractors#exporting-youtube-cookies  for tips on effectively exporting YouTube cookies
ERROR: [youtube] c1DD_skR7gU: Sign in to confirm you’re not a bot. Use --cookies-from-browser or --cookies for the authentication. See  https://github.com/yt-dlp/yt-dlp/wiki/FAQ#how-do-i-pass-cookies-to-yt-dlp  for how to manually pass cookies. Also see  https://github.com/yt-dlp/yt-dlp/wiki/Extractors#exporting-youtube-cookies  for tips on effectively exporting YouTube cookies
ERROR: [youtube] cnjSVom_vEE: Sign in to confirm you’re not a bot. Use --cookies-from-browser or --cookies for the authentication. See  https://github.com/yt-dlp/yt-dlp/wiki/FAQ#how-do-i-pass-cookies-to-yt-dlp  for how to manually pass cookies. Also see  https://github.com/yt-dlp/yt-dlp/wiki/Extractors#exporting-youtube-cookies  for tips on effectively exporting YouTube cookies
ERROR: [youtube] dp-c10JwrNo: Sign in to confirm you’re not a bot. Use --cookies-from-browser or --cookies for the authentication. See  https://github.com/yt-dlp/yt-dlp/wiki/FAQ#how-do-i-pass-cookies-to-yt-dlp  for how to manually pass cookies. Also see  https://github.com/yt-dlp/yt-dlp/wiki/Extractors#exporting-youtube-cookies  for tips on effectively exporting YouTube cookies
ERROR: [youtube] ePdbj2bZ-Ro: Sign in to confirm you’re not a bot. Use --cookies-from-browser or --cookies for the authentication. See  https://github.com/yt-dlp/yt-dlp/wiki/FAQ#how-do-i-pass-cookies-to-yt-dlp  for how to manually pass cookies. Also see  https://github.com/yt-dlp/yt-dlp/wiki/Extractors#exporting-youtube-cookies  for tips on effectively exporting YouTube cookies
ERROR: [youtube] ewPBVaFfgS4: Sign in to confirm you’re not a bot. Use --cookies-from-browser or --cookies for the authentication. See  https://github.com/yt-dlp/yt-dlp/wiki/FAQ#how-do-i-pass-cookies-to-yt-dlp  for how to manually pass cookies. Also see  https://github.com/yt-dlp/yt-dlp/wiki/Extractors#exporting-youtube-cookies  for tips on effectively exporting YouTube cookies
ERROR: [youtube] hcY-2Xux2oI: Sign in to confirm you’re not a bot. Use --cookies-from-browser or --cookies for the authentication. See  https://github.com/yt-dlp/yt-dlp/wiki/FAQ#how-do-i-pass-cookies-to-yt-dlp  for how to manually pass cookies. Also see  https://github.com/yt-dlp/yt-dlp/wiki/Extractors#exporting-youtube-cookies  for tips on effectively exporting YouTube cookies
ERROR: [youtube] kfkUcxtX2b4: Sign in to confirm you’re not a bot. Use --cookies-from-browser or --cookies for the authentication. See  https://github.com/yt-dlp/yt-dlp/wiki/FAQ#how-do-i-pass-cookies-to-yt-dlp  for how to manually pass cookies. Also see  https://github.com/yt-dlp/yt-dlp/wiki/Extractors#exporting-youtube-cookies  for tips on effectively exporting YouTube cookies
ERROR: [youtube] l7tQ1v4TCeY: Sign in to confirm you’re not a bot. Use --cookies-from-browser or --cookies for the authentication. See  https://github.com/yt-dlp/yt-dlp/wiki/FAQ#how-do-i-pass-cookies-to-yt-dlp  for how to manually pass cookies. Also see  https://github.com/yt-dlp/yt-dlp/wiki/Extractors#exporting-youtube-cookies  for tips on effectively exporting YouTube cookies
ERROR: [youtube] lSSVZvr3AZI: Sign in to confirm you’re not a bot. Use --cookies-from-browser or --cookies for the authentication. See  https://github.com/yt-dlp/yt-dlp/wiki/FAQ#how-do-i-pass-cookies-to-yt-dlp  for how to manually pass cookies. Also see  https://github.com/yt-dlp/yt-dlp/wiki/Extractors#exporting-youtube-cookies  for tips on effectively exporting YouTube cookies
ERROR: [youtube] lbn5ZrEmtGY: Sign in to confirm you’re not a bot. Use --cookies-from-browser or --cookies for the authentication. See  https://github.com/yt-dlp/yt-dlp/wiki/FAQ#how-do-i-pass-cookies-to-yt-dlp  for how to manually pass cookies. Also see  https://github.com/yt-dlp/yt-dlp/wiki/Extractors#exporting-youtube-cookies  for tips on effectively exporting YouTube cookies
ERROR: [youtube] lvVsp2EkzfA: Sign in to confirm you’re not a bot. Use --cookies-from-browser or --cookies for the authentication. See  https://github.com/yt-dlp/yt-dlp/wiki/FAQ#how-do-i-pass-cookies-to-yt-dlp  for how to manually pass cookies. Also see  https://github.com/yt-dlp/yt-dlp/wiki/Extractors#exporting-youtube-cookies  for tips on effectively exporting YouTube cookies
ERROR: [youtube] nuT-L5Dq1yM: Sign in to confirm you’re not a bot. Use --cookies-from-browser or --cookies for the authentication. See  https://github.com/yt-dlp/yt-dlp/wiki/FAQ#how-do-i-pass-cookies-to-yt-dlp  for how to manually pass cookies. Also see  https://github.com/yt-dlp/yt-dlp/wiki/Extractors#exporting-youtube-cookies  for tips on effectively exporting YouTube cookies
ERROR: [youtube] qsbDaLMWcFk: Sign in to confirm you’re not a bot. Use --cookies-from-browser or --cookies for the authentication. See  https://github.com/yt-dlp/yt-dlp/wiki/FAQ#how-do-i-pass-cookies-to-yt-dlp  for how to manually pass cookies. Also see  https://github.com/yt-dlp/yt-dlp/wiki/Extractors#exporting-youtube-cookies  for tips on effectively exporting YouTube cookies
ERROR: [youtube] rf-8WVpvXLQ: Sign in to confirm you’re not a bot. Use --cookies-from-browser or --cookies for the authentication. See  https://github.com/yt-dlp/yt-dlp/wiki/FAQ#how-do-i-pass-cookies-to-yt-dlp  for how to manually pass cookies. Also see  https://github.com/yt-dlp/yt-dlp/wiki/Extractors#exporting-youtube-cookies  for tips on effectively exporting YouTube cookies
ERROR: [vimeo] 901412303: Unable to download webpage: HTTP Error 401: Unauthorized (caused by <HTTPError 401: Unauthorized>)
vimeo config: HTTP Error 403: Forbidden
ERROR: [vimeo] 903711268: Unable to download webpage: HTTP Error 401: Unauthorized (caused by <HTTPError 401: Unauthorized>)
vimeo config: HTTP Error 403: Forbidden
ERROR: [vimeo] 906337171: Unable to download webpage: HTTP Error 401: Unauthorized (caused by <HTTPError 401: Unauthorized>)
vimeo config: HTTP Error 403: Forbidden
ERROR: [vimeo] 908785368: Got HTTP Error 403 when using impersonate target "chrome-150:macos-26". If you are using a data center IP or VPN/proxy, your IP may be blocked; please report this issue on  https://github.com/yt-dlp/yt-dlp/issues?q= , filling out the appropriate issue template. Confirm you are on the latest version using  yt-dlp -U
vimeo config: HTTP Error 403: Forbidden
ERROR: [vimeo] 917188881: Unable to download webpage: HTTP Error 401: Unauthorized (caused by <HTTPError 401: Unauthorized>)
vimeo config: HTTP Error 403: Forbidden
ERROR: [vimeo] 924666407: Unable to download webpage: HTTP Error 401: Unauthorized (caused by <HTTPError 401: Unauthorized>)
vimeo config: HTTP Error 403: Forbidden
ERROR: [vimeo] 930634179: Unable to download webpage: HTTP Error 401: Unauthorized (caused by <HTTPError 401: Unauthorized>)
vimeo config: HTTP Error 403: Forbidden
ERROR: [vimeo] 932440408: Unable to download webpage: HTTP Error 401: Unauthorized (caused by <HTTPError 401: Unauthorized>)
vimeo config: HTTP Error 403: Forbidden
ERROR: [vimeo] 933209046: Unable to download webpage: HTTP Error 401: Unauthorized (caused by <HTTPError 401: Unauthorized>)
vimeo config: HTTP Error 403: Forbidden
ERROR: [vimeo] 941905812: Unable to download webpage: HTTP Error 401: Unauthorized (caused by <HTTPError 401: Unauthorized>)
vimeo config: HTTP Error 403: Forbidden
ERROR: [vimeo] 947322026: Unable to download webpage: HTTP Error 401: Unauthorized (caused by <HTTPError 401: Unauthorized>)
vimeo config: HTTP Error 403: Forbidden
ERROR: [youtube] Al-EakZKc1Q: Sign in to confirm you’re not a bot. Use --cookies-from-browser or --cookies for the authentication. See  https://github.com/yt-dlp/yt-dlp/wiki/FAQ#how-do-i-pass-cookies-to-yt-dlp  for how to manually pass cookies. Also see  https://github.com/yt-dlp/yt-dlp/wiki/Extractors#exporting-youtube-cookies  for tips on effectively exporting YouTube cookies
ERROR: [youtube] OdmpcBvw_5M: Sign in to confirm you’re not a bot. Use --cookies-from-browser or --cookies for the authentication. See  https://github.com/yt-dlp/yt-dlp/wiki/FAQ#how-do-i-pass-cookies-to-yt-dlp  for how to manually pass cookies. Also see  https://github.com/yt-dlp/yt-dlp/wiki/Extractors#exporting-youtube-cookies  for tips on effectively exporting YouTube cookies
ERROR: [youtube] QUa5UXRi2Mk: Sign in to confirm you’re not a bot. Use --cookies-from-browser or --cookies for the authentication. See  https://github.com/yt-dlp/yt-dlp/wiki/FAQ#how-do-i-pass-cookies-to-yt-dlp  for how to manually pass cookies. Also see  https://github.com/yt-dlp/yt-dlp/wiki/Extractors#exporting-youtube-cookies  for tips on effectively exporting YouTube cookies
ERROR: [youtube] s8pwG9B9i68: Private video
ERROR: [youtube] vGukGg7Q2_g: Sign in to confirm you’re not a bot. Use --cookies-from-browser or --cookies for the authentication. See  https://github.com/yt-dlp/yt-dlp/wiki/FAQ#how-do-i-pass-cookies-to-yt-dlp  for how to manually pass cookies. Also see  https://github.com/yt-dlp/yt-dlp/wiki/Extractors#exporting-youtube-cookies  for tips on effectively exporting YouTube cookies
ERROR: [youtube] zXlVQ8rMJM0: Sign in to confirm you’re not a bot. Use --cookies-from-browser or --cookies for the authentication. See  https://github.com/yt-dlp/yt-dlp/wiki/FAQ#how-do-i-pass-cookies-to-yt-dlp  for how to manually pass cookies. Also see  https://github.com/yt-dlp/yt-dlp/wiki/Extractors#exporting-youtube-cookies  for tips on effectively exporting YouTube cookies
ERROR: [twitter] 2104572138347004161: No video could be found in this tweet
ERROR: [twitter] 1958542409698029973: No video formats found!; please report this issue on  https://github.com/yt-dlp/yt-dlp/issues?q= , filling out the appropriate issue template. Confirm you are on the latest version using  yt-dlp -U
ERROR: [vimeo] 1000428611: Unable to download webpage: HTTP Error 401: Unauthorized (caused by <HTTPError 401: Unauthorized>)
vimeo config: HTTP Error 403: Forbidden
ERROR: [vimeo] 1003520566: Unable to download webpage: HTTP Error 401: Unauthorized (caused by <HTTPError 401: Unauthorized>)
vimeo config: HTTP Error 403: Forbidden
ERROR: [vimeo] 1005503871: Unable to download webpage: HTTP Error 401: Unauthorized (caused by <HTTPError 401: Unauthorized>)
vimeo config: HTTP Error 403: Forbidden
ERROR: [vimeo] 1019817182: Unable to download webpage: HTTP Error 401: Unauthorized (caused by <HTTPError 401: Unauthorized>)
vimeo config: HTTP Error 403: Forbidden
ERROR: [vimeo] 1028456308: Unable to download webpage: HTTP Error 401: Unauthorized (caused by <HTTPError 401: Unauthorized>)
vimeo config: HTTP Error 403: Forbidden
ERROR: [vimeo] 1032342761: Unable to download webpage: HTTP Error 401: Unauthorized (caused by <HTTPError 401: Unauthorized>)
vimeo config: HTTP Error 403: Forbidden
ERROR: [vimeo] 1033085524: Unable to download webpage: HTTP Error 401: Unauthorized (caused by <HTTPError 401: Unauthorized>)
vimeo config: HTTP Error 403: Forbidden
ERROR: [vimeo] 1045744435: Unable to download webpage: HTTP Error 401: Unauthorized (caused by <HTTPError 401: Unauthorized>)
vimeo config: HTTP Error 403: Forbidden
ERROR: [vimeo] 1052793933: Unable to download webpage: HTTP Error 401: Unauthorized (caused by <HTTPError 401: Unauthorized>)
vimeo config: HTTP Error 403: Forbidden
ERROR: [vimeo] 1053748540: Unable to download webpage: HTTP Error 401: Unauthorized (caused by <HTTPError 401: Unauthorized>)
vimeo config: HTTP Error 403: Forbidden
ERROR: [vimeo] 1054202500: Unable to download webpage: HTTP Error 401: Unauthorized (caused by <HTTPError 401: Unauthorized>)
vimeo config: HTTP Error 403: Forbidden
ERROR: [vimeo] 1055628210: Got HTTP Error 403 when using impersonate target "chrome-150:macos-26". If you are using a data center IP or VPN/proxy, your IP may be blocked; please report this issue on  https://github.com/yt-dlp/yt-dlp/issues?q= , filling out the appropriate issue template. Confirm you are on the latest version using  yt-dlp -U
vimeo config: HTTP Error 403: Forbidden
ERROR: [vimeo] 1058523571: Unable to download webpage: HTTP Error 401: Unauthorized (caused by <HTTPError 401: Unauthorized>)
vimeo config: HTTP Error 403: Forbidden
ERROR: [vimeo] 1060791132: Unable to download webpage: HTTP Error 401: Unauthorized (caused by <HTTPError 401: Unauthorized>)
vimeo config: HTTP Error 403: Forbidden
ERROR: [vimeo] 1063065012: Unable to download webpage: HTTP Error 401: Unauthorized (caused by <HTTPError 401: Unauthorized>)
vimeo config: HTTP Error 403: Forbidden
ERROR: [vimeo] 1064431746: Unable to download webpage: HTTP Error 401: Unauthorized (caused by <HTTPError 401: Unauthorized>)
vimeo config: HTTP Error 403: Forbidden
ERROR: [vimeo] 1066860414: Unable to download webpage: HTTP Error 401: Unauthorized (caused by <HTTPError 401: Unauthorized>)
vimeo config: HTTP Error 403: Forbidden
ERROR: [vimeo] 1068801790: Unable to download webpage: HTTP Error 401: Unauthorized (caused by <HTTPError 401: Unauthorized>)
vimeo config: HTTP Error 403: Forbidden
ERROR: [vimeo] 1070346086: Unable to download webpage: HTTP Error 401: Unauthorized (caused by <HTTPError 401: Unauthorized>)
vimeo config: HTTP Error 403: Forbidden
ERROR: [vimeo] 1071391927: Unable to download webpage: HTTP Error 401: Unauthorized (caused by <HTTPError 401: Unauthorized>)
vimeo config: HTTP Error 403: Forbidden
ERROR: [vimeo] 1088112506: Unable to download webpage: HTTP Error 401: Unauthorized (caused by <HTTPError 401: Unauthorized>)
vimeo config: HTTP Error 403: Forbidden
ERROR: [vimeo] 1099582893: Unable to download webpage: HTTP Error 401: Unauthorized (caused by <HTTPError 401: Unauthorized>)
vimeo config: HTTP Error 403: Forbidden
ERROR: [vimeo] 1101161938: Unable to download webpage: HTTP Error 401: Unauthorized (caused by <HTTPError 401: Unauthorized>)
vimeo config: HTTP Error 403: Forbidden
ERROR: [vimeo] 1113995160: Unable to download webpage: HTTP Error 401: Unauthorized (caused by <HTTPError 401: Unauthorized>)
vimeo config: HTTP Error 403: Forbidden
ERROR: [vimeo] 1123157733: Unable to download webpage: HTTP Error 401: Unauthorized (caused by <HTTPError 401: Unauthorized>)
vimeo config: HTTP Error 403: Forbidden
ERROR: [vimeo] 1126853558: Unable to download webpage: HTTP Error 401: Unauthorized (caused by <HTTPError 401: Unauthorized>)
vimeo config: HTTP Error 403: Forbidden
ERROR: [vimeo] 1140748062: Unable to download webpage: HTTP Error 401: Unauthorized (caused by <HTTPError 401: Unauthorized>)
vimeo config: HTTP Error 403: Forbidden
ERROR: [vimeo] 1145639061: Unable to download webpage: HTTP Error 401: Unauthorized (caused by <HTTPError 401: Unauthorized>)
vimeo config: HTTP Error 403: Forbidden
ERROR: [vimeo] 1149485398: Unable to download webpage: HTTP Error 401: Unauthorized (caused by <HTTPError 401: Unauthorized>)
vimeo config: HTTP Error 403: Forbidden
ERROR: [vimeo] 1153211765: Unable to download webpage: HTTP Error 401: Unauthorized (caused by <HTTPError 401: Unauthorized>)
vimeo config: HTTP Error 403: Forbidden
ERROR: [vimeo] 1155704384: Unable to download webpage: HTTP Error 401: Unauthorized (caused by <HTTPError 401: Unauthorized>)
vimeo config: HTTP Error 403: Forbidden
ERROR: [vimeo] 1159666833: Unable to download webpage: HTTP Error 401: Unauthorized (caused by <HTTPError 401: Unauthorized>)
vimeo config: HTTP Error 403: Forbidden
ERROR: [vimeo] 1180259662: Unable to download webpage: HTTP Error 401: Unauthorized (caused by <HTTPError 401: Unauthorized>)
vimeo config: HTTP Error 403: Forbidden
ERROR: [vimeo] 1187828564: Unable to download webpage: HTTP Error 401: Unauthorized (caused by <HTTPError 401: Unauthorized>)
vimeo config: HTTP Error 403: Forbidden
ERROR: [vimeo] 1191530490: Unable to download webpage: HTTP Error 401: Unauthorized (caused by <HTTPError 401: Unauthorized>)
vimeo config: HTTP Error 403: Forbidden
ERROR: [vimeo] 1200030245: Unable to download webpage: HTTP Error 401: Unauthorized (caused by <HTTPError 401: Unauthorized>)
vimeo config: HTTP Error 403: Forbidden
ERROR: [vimeo] 1200800680: Unable to download webpage: HTTP Error 401: Unauthorized (caused by <HTTPError 401: Unauthorized>)
vimeo config: HTTP Error 403: Forbidden
ERROR: [vimeo] 1213288567: Unable to download webpage: HTTP Error 401: Unauthorized (caused by <HTTPError 401: Unauthorized>)
vimeo config: HTTP Error 403: Forbidden
ERROR: [vimeo] 1213494473: Unable to download webpage: HTTP Error 401: Unauthorized (caused by <HTTPError 401: Unauthorized>)
vimeo config: HTTP Error 403: Forbidden
ERROR: [vimeo] 1217339732: Unable to download webpage: HTTP Error 401: Unauthorized (caused by <HTTPError 401: Unauthorized>)
vimeo config: HTTP Error 403: Forbidden
ERROR: [vimeo] 1219804268: Unable to download webpage: HTTP Error 401: Unauthorized (caused by <HTTPError 401: Unauthorized>)
vimeo config: HTTP Error 403: Forbidden
ERROR: [vimeo] 1223701357: Unable to download webpage: HTTP Error 401: Unauthorized (caused by <HTTPError 401: Unauthorized>)
vimeo config: HTTP Error 403: Forbidden
ERROR: [vimeo] 1224126282: Unable to download webpage: HTTP Error 401: Unauthorized (caused by <HTTPError 401: Unauthorized>)
vimeo config: HTTP Error 403: Forbidden
ERROR: [vimeo] 1227820080: Unable to download webpage: HTTP Error 401: Unauthorized (caused by <HTTPError 401: Unauthorized>)
vimeo config: HTTP Error 403: Forbidden
ERROR: [vimeo] 1228098940: Unable to download webpage: HTTP Error 401: Unauthorized (caused by <HTTPError 401: Unauthorized>)
vimeo config: HTTP Error 403: Forbidden
ERROR: [vimeo] 1229076979: Unable to download webpage: HTTP Error 401: Unauthorized (caused by <HTTPError 401: Unauthorized>)
vimeo config: HTTP Error 403: Forbidden
ERROR: [vimeo] 257988899: Got HTTP Error 403 when using impersonate target "chrome-150:macos-26". If you are using a data center IP or VPN/proxy, your IP may be blocked; please report this issue on  https://github.com/yt-dlp/yt-dlp/issues?q= , filling out the appropriate issue template. Confirm you are on the latest version using  yt-dlp -U
vimeo config: HTTP Error 403: Forbidden
ERROR: [vimeo] 350295229: Unable to download webpage: HTTP Error 401: Unauthorized (caused by <HTTPError 401: Unauthorized>)
vimeo config: HTTP Error 403: Forbidden
ERROR: [vimeo] 381306679: Unable to download webpage: HTTP Error 401: Unauthorized (caused by <HTTPError 401: Unauthorized>)
vimeo config: HTTP Error 403: Forbidden
ERROR: [vimeo] 391200662: Unable to download webpage: HTTP Error 401: Unauthorized (caused by <HTTPError 401: Unauthorized>)
vimeo config: HTTP Error 403: Forbidden
ERROR: [vimeo] 392002113: Unable to download webpage: HTTP Error 401: Unauthorized (caused by <HTTPError 401: Unauthorized>)
vimeo config: HTTP Error 403: Forbidden
ERROR: [vimeo] 472877456: Unable to download webpage: HTTP Error 401: Unauthorized (caused by <HTTPError 401: Unauthorized>)
vimeo config: HTTP Error 403: Forbidden
ERROR: [vimeo] 480814129: Unable to download webpage: HTTP Error 401: Unauthorized (caused by <HTTPError 401: Unauthorized>)
vimeo config: HTTP Error 403: Forbidden
ERROR: [vimeo] 511633248: Unable to download webpage: HTTP Error 401: Unauthorized (caused by <HTTPError 401: Unauthorized>)
vimeo config: HTTP Error 403: Forbidden
ERROR: [vimeo] 512520206: Unable to download webpage: HTTP Error 401: Unauthorized (caused by <HTTPError 401: Unauthorized>)
vimeo config: HTTP Error 403: Forbidden
ERROR: [vimeo] 519589567: Unable to download webpage: HTTP Error 401: Unauthorized (caused by <HTTPError 401: Unauthorized>)
vimeo config: HTTP Error 403: Forbidden
ERROR: [vimeo] 534002953: Unable to download webpage: HTTP Error 401: Unauthorized (caused by <HTTPError 401: Unauthorized>)
vimeo config: HTTP Error 403: Forbidden
ERROR: [vimeo] 537359640: Unable to download webpage: HTTP Error 401: Unauthorized (caused by <HTTPError 401: Unauthorized>)
vimeo config: HTTP Error 403: Forbidden
ERROR: [vimeo] 554186691: Unable to download webpage: HTTP Error 401: Unauthorized (caused by <HTTPError 401: Unauthorized>)
vimeo config: HTTP Error 403: Forbidden
ERROR: [vimeo] 555786079: Unable to download webpage: HTTP Error 401: Unauthorized (caused by <HTTPError 401: Unauthorized>)
vimeo config: HTTP Error 403: Forbidden
ERROR: [vimeo] 565644120: Unable to download webpage: HTTP Error 401: Unauthorized (caused by <HTTPError 401: Unauthorized>)
vimeo config: HTTP Error 403: Forbidden
ERROR: [vimeo] 568537296: Unable to download webpage: HTTP Error 404: Not Found (caused by <HTTPError 404: Not Found>)
vimeo config: HTTP Error 404: Not Found
ERROR: [vimeo] 577522663: Unable to download webpage: HTTP Error 401: Unauthorized (caused by <HTTPError 401: Unauthorized>)
vimeo config: HTTP Error 403: Forbidden
ERROR: [vimeo] 579339111: Unable to download webpage: HTTP Error 401: Unauthorized (caused by <HTTPError 401: Unauthorized>)
vimeo config: HTTP Error 403: Forbidden
ERROR: [vimeo] 583009899: Unable to download webpage: HTTP Error 401: Unauthorized (caused by <HTTPError 401: Unauthorized>)
vimeo config: HTTP Error 403: Forbidden
ERROR: [vimeo] 583101639: Unable to download webpage: HTTP Error 401: Unauthorized (caused by <HTTPError 401: Unauthorized>)
vimeo config: HTTP Error 403: Forbidden
ERROR: [vimeo] 583829786: Unable to download webpage: HTTP Error 404: Not Found (caused by <HTTPError 404: Not Found>)
vimeo config: HTTP Error 404: Not Found
ERROR: [vimeo] 592043530: Unable to download webpage: HTTP Error 401: Unauthorized (caused by <HTTPError 401: Unauthorized>)
vimeo config: HTTP Error 403: Forbidden
ERROR: [vimeo] 594560855: Unable to download webpage: HTTP Error 401: Unauthorized (caused by <HTTPError 401: Unauthorized>)
vimeo config: HTTP Error 403: Forbidden
ERROR: [vimeo] 636939299: Unable to download webpage: HTTP Error 401: Unauthorized (caused by <HTTPError 401: Unauthorized>)
vimeo config: HTTP Error 403: Forbidden
ERROR: [vimeo] 639470757: Unable to download webpage: HTTP Error 401: Unauthorized (caused by <HTTPError 401: Unauthorized>)
vimeo config: HTTP Error 403: Forbidden
ERROR: [vimeo] 640342516: Unable to download webpage: HTTP Error 401: Unauthorized (caused by <HTTPError 401: Unauthorized>)
vimeo config: HTTP Error 403: Forbidden
ERROR: [vimeo] 641936618: Unable to download webpage: HTTP Error 404: Not Found (caused by <HTTPError 404: Not Found>)
vimeo config: HTTP Error 404: Not Found
ERROR: [vimeo] 644818151: Unable to download webpage: HTTP Error 401: Unauthorized (caused by <HTTPError 401: Unauthorized>)
vimeo config: HTTP Error 403: Forbidden
ERROR: [vimeo] 646480129: Unable to download webpage: HTTP Error 401: Unauthorized (caused by <HTTPError 401: Unauthorized>)
vimeo config: HTTP Error 403: Forbidden
ERROR: [vimeo] 651664655: Unable to download webpage: HTTP Error 401: Unauthorized (caused by <HTTPError 401: Unauthorized>)
vimeo config: HTTP Error 403: Forbidden
ERROR: [vimeo] 652343666: Unable to download webpage: HTTP Error 401: Unauthorized (caused by <HTTPError 401: Unauthorized>)
vimeo config: HTTP Error 403: Forbidden
ERROR: [vimeo] 656171908: Unable to download webpage: HTTP Error 401: Unauthorized (caused by <HTTPError 401: Unauthorized>)
vimeo config: HTTP Error 403: Forbidden
ERROR: [vimeo] 662013359: Unable to download webpage: HTTP Error 401: Unauthorized (caused by <HTTPError 401: Unauthorized>)
vimeo config: HTTP Error 403: Forbidden
ERROR: [vimeo] 665961394: Unable to download webpage: HTTP Error 401: Unauthorized (caused by <HTTPError 401: Unauthorized>)
vimeo config: HTTP Error 403: Forbidden
ERROR: [vimeo] 666812219: Unable to download webpage: HTTP Error 401: Unauthorized (caused by <HTTPError 401: Unauthorized>)
vimeo config: HTTP Error 403: Forbidden
ERROR: [vimeo] 670711481: Unable to download webpage: HTTP Error 401: Unauthorized (caused by <HTTPError 401: Unauthorized>)
vimeo config: HTTP Error 403: Forbidden
ERROR: [vimeo] 672680672: Unable to download webpage: HTTP Error 401: Unauthorized (caused by <HTTPError 401: Unauthorized>)
vimeo config: HTTP Error 403: Forbidden
ERROR: [vimeo] 691939089: Unable to download webpage: HTTP Error 404: Not Found (caused by <HTTPError 404: Not Found>)
vimeo config: HTTP Error 404: Not Found
ERROR: [vimeo] 700781687: Unable to download webpage: HTTP Error 401: Unauthorized (caused by <HTTPError 401: Unauthorized>)
vimeo config: HTTP Error 403: Forbidden
ERROR: [vimeo] 703181913: Unable to download webpage: HTTP Error 401: Unauthorized (caused by <HTTPError 401: Unauthorized>)
vimeo config: HTTP Error 403: Forbidden
ERROR: [vimeo] 704094123: Unable to download webpage: HTTP Error 401: Unauthorized (caused by <HTTPError 401: Unauthorized>)
vimeo config: HTTP Error 403: Forbidden
ERROR: [vimeo] 704095071: Unable to download webpage: HTTP Error 401: Unauthorized (caused by <HTTPError 401: Unauthorized>)
vimeo config: HTTP Error 403: Forbidden
ERROR: [vimeo] 706580726: Unable to download webpage: HTTP Error 401: Unauthorized (caused by <HTTPError 401: Unauthorized>)
vimeo config: HTTP Error 403: Forbidden
ERROR: [vimeo] 709579076: Unable to download webpage: HTTP Error 401: Unauthorized (caused by <HTTPError 401: Unauthorized>)
vimeo config: HTTP Error 403: Forbidden
ERROR: [vimeo] 729225297: Unable to download webpage: HTTP Error 401: Unauthorized (caused by <HTTPError 401: Unauthorized>)
vimeo config: HTTP Error 403: Forbidden
ERROR: [vimeo] 730128202: Unable to download webpage: HTTP Error 404: Not Found (caused by <HTTPError 404: Not Found>)
vimeo config: HTTP Error 404: Not Found
ERROR: [vimeo] 730130249: Got HTTP Error 403 when using impersonate target "chrome-150:macos-26". If you are using a data center IP or VPN/proxy, your IP may be blocked; please report this issue on  https://github.com/yt-dlp/yt-dlp/issues?q= , filling out the appropriate issue template. Confirm you are on the latest version using  yt-dlp -U
vimeo config: HTTP Error 403: Forbidden
ERROR: [vimeo] 737626821: Got HTTP Error 403 when using impersonate target "chrome-150:macos-26". If you are using a data center IP or VPN/proxy, your IP may be blocked; please report this issue on  https://github.com/yt-dlp/yt-dlp/issues?q= , filling out the appropriate issue template. Confirm you are on the latest version using  yt-dlp -U
vimeo config: HTTP Error 403: Forbidden
ERROR: [vimeo] 740406064: Unable to download webpage: HTTP Error 401: Unauthorized (caused by <HTTPError 401: Unauthorized>)
vimeo config: HTTP Error 403: Forbidden
ERROR: [vimeo] 741860509: Unable to download webpage: HTTP Error 401: Unauthorized (caused by <HTTPError 401: Unauthorized>)
vimeo config: HTTP Error 403: Forbidden
ERROR: [vimeo] 745016071: Unable to download webpage: HTTP Error 401: Unauthorized (caused by <HTTPError 401: Unauthorized>)
vimeo config: HTTP Error 403: Forbidden
ERROR: [vimeo] 762662864: Got HTTP Error 403 when using impersonate target "chrome-150:macos-26". If you are using a data center IP or VPN/proxy, your IP may be blocked; please report this issue on  https://github.com/yt-dlp/yt-dlp/issues?q= , filling out the appropriate issue template. Confirm you are on the latest version using  yt-dlp -U
vimeo config: HTTP Error 403: Forbidden
ERROR: [vimeo] 765663789: Unable to download webpage: HTTP Error 401: Unauthorized (caused by <HTTPError 401: Unauthorized>)
vimeo config: HTTP Error 403: Forbidden
ERROR: [vimeo] 768417163: Unable to download webpage: HTTP Error 401: Unauthorized (caused by <HTTPError 401: Unauthorized>)
vimeo config: HTTP Error 403: Forbidden
ERROR: [vimeo] 777388617: Got HTTP Error 403 when using impersonate target "chrome-150:macos-26". If you are using a data center IP or VPN/proxy, your IP may be blocked; please report this issue on  https://github.com/yt-dlp/yt-dlp/issues?q= , filling out the appropriate issue template. Confirm you are on the latest version using  yt-dlp -U
vimeo config: HTTP Error 403: Forbidden
ERROR: [vimeo] 778211104: Got HTTP Error 403 when using impersonate target "chrome-150:macos-26". If you are using a data center IP or VPN/proxy, your IP may be blocked; please report this issue on  https://github.com/yt-dlp/yt-dlp/issues?q= , filling out the appropriate issue template. Confirm you are on the latest version using  yt-dlp -U
vimeo config: HTTP Error 403: Forbidden
ERROR: [vimeo] 779740219: Unable to download webpage: HTTP Error 401: Unauthorized (caused by <HTTPError 401: Unauthorized>)
vimeo config: HTTP Error 403: Forbidden
ERROR: [vimeo] 787574174: Got HTTP Error 403 when using impersonate target "chrome-150:macos-26". If you are using a data center IP or VPN/proxy, your IP may be blocked; please report this issue on  https://github.com/yt-dlp/yt-dlp/issues?q= , filling out the appropriate issue template. Confirm you are on the latest version using  yt-dlp -U
vimeo config: HTTP Error 403: Forbidden
ERROR: [vimeo] 787858378: Unable to download webpage: HTTP Error 401: Unauthorized (caused by <HTTPError 401: Unauthorized>)
vimeo config: HTTP Error 403: Forbidden
ERROR: [vimeo] 800250687: Unable to download webpage: HTTP Error 401: Unauthorized (caused by <HTTPError 401: Unauthorized>)
vimeo config: HTTP Error 403: Forbidden
ERROR: [vimeo] 810643191: Got HTTP Error 403 when using impersonate target "chrome-150:macos-26". If you are using a data center IP or VPN/proxy, your IP may be blocked; please report this issue on  https://github.com/yt-dlp/yt-dlp/issues?q= , filling out the appropriate issue template. Confirm you are on the latest version using  yt-dlp -U
vimeo config: HTTP Error 403: Forbidden
ERROR: [vimeo] 821704834: Unable to download webpage: HTTP Error 401: Unauthorized (caused by <HTTPError 401: Unauthorized>)
vimeo config: HTTP Error 403: Forbidden
ERROR: [vimeo] 822491037: Unable to download webpage: HTTP Error 401: Unauthorized (caused by <HTTPError 401: Unauthorized>)
vimeo config: HTTP Error 403: Forbidden
ERROR: [vimeo] 826803545: Unable to download webpage: HTTP Error 401: Unauthorized (caused by <HTTPError 401: Unauthorized>)
vimeo config: HTTP Error 403: Forbidden
ERROR: [vimeo] 856430844: Unable to download webpage: HTTP Error 401: Unauthorized (caused by <HTTPError 401: Unauthorized>)
vimeo config: HTTP Error 403: Forbidden
ERROR: [vimeo] 859934391: Got HTTP Error 403 when using impersonate target "chrome-150:macos-26". If you are using a data center IP or VPN/proxy, your IP may be blocked; please report this issue on  https://github.com/yt-dlp/yt-dlp/issues?q= , filling out the appropriate issue template. Confirm you are on the latest version using  yt-dlp -U
vimeo config: HTTP Error 403: Forbidden
ERROR: [vimeo] 859934875: Got HTTP Error 403 when using impersonate target "chrome-150:macos-26". If you are using a data center IP or VPN/proxy, your IP may be blocked; please report this issue on  https://github.com/yt-dlp/yt-dlp/issues?q= , filling out the appropriate issue template. Confirm you are on the latest version using  yt-dlp -U
vimeo config: HTTP Error 403: Forbidden
ERROR: [vimeo] 865892650: Unable to download webpage: HTTP Error 401: Unauthorized (caused by <HTTPError 401: Unauthorized>)
vimeo config: HTTP Error 403: Forbidden
ERROR: [vimeo] 869264017: Unable to download webpage: HTTP Error 401: Unauthorized (caused by <HTTPError 401: Unauthorized>)
vimeo config: HTTP Error 403: Forbidden
ERROR: [vimeo] 872926203: Unable to download webpage: HTTP Error 401: Unauthorized (caused by <HTTPError 401: Unauthorized>)
vimeo config: HTTP Error 403: Forbidden
ERROR: [vimeo] 875165589: Unable to download webpage: HTTP Error 401: Unauthorized (caused by <HTTPError 401: Unauthorized>)
vimeo config: HTTP Error 403: Forbidden
ERROR: [vimeo] 875517146: Unable to download webpage: HTTP Error 401: Unauthorized (caused by <HTTPError 401: Unauthorized>)
vimeo config: HTTP Error 403: Forbidden
ERROR: [vimeo] 884594117: Unable to download webpage: HTTP Error 401: Unauthorized (caused by <HTTPError 401: Unauthorized>)
vimeo config: HTTP Error 403: Forbidden
ERROR: [vimeo] 888696435: Unable to download webpage: HTTP Error 401: Unauthorized (caused by <HTTPError 401: Unauthorized>)
vimeo config: HTTP Error 403: Forbidden
